micro_allocator.cc:60:9:virtual void* tflite::{anonymous}::MicroBuiltinDataAllocator::Allocate(size_t, size_t)	0	static
micro_allocator.cc:63:8:virtual void tflite::{anonymous}::MicroBuiltinDataAllocator::Deallocate(void*)	0	static
micro_allocator.cc:613:1:tflite::MicroAllocator::~MicroAllocator()	0	static
micro_allocator.cc:920:6:virtual void tflite::MicroAllocator::ResetTempAllocations()	0	static
micro_allocator.cc:980:15:virtual TfLiteTensor* tflite::MicroAllocator::AllocatePersistentTfLiteTensorInternal(const tflite::Model*, TfLiteEvalTensor*, int)	0	static
micro_allocator.cc:55:7:tflite::{anonymous}::MicroBuiltinDataAllocator::~MicroBuiltinDataAllocator()	0	static
micro_allocator.cc:613:1:virtual tflite::MicroAllocator::~MicroAllocator()	8	static
micro_allocator.cc:55:7:virtual tflite::{anonymous}::MicroBuiltinDataAllocator::~MicroBuiltinDataAllocator()	8	static
flatbuffers.h:2424:13:flatbuffers::voffset_t flatbuffers::Table::GetOptionalFieldOffset(flatbuffers::voffset_t) const	0	static
schema_generated.h:2993:37:const flatbuffers::Vector<float>* tflite::QuantizationParameters::scale() const	8	static
schema_generated.h:2996:39:const flatbuffers::Vector<long long int>* tflite::QuantizationParameters::zero_point() const	8	static
schema_generated.h:3590:22:tflite::TensorType tflite::Tensor::type() const	8	static
schema_generated.h:3602:8:bool tflite::Tensor::is_variable() const	8	static
micro_allocator.cc:607:1:tflite::MicroAllocator::MicroAllocator(tflite::SimpleMemoryAllocator*, tflite::ErrorReporter*)	8	static
micro_allocator.cc:631:17:static tflite::MicroAllocator* tflite::MicroAllocator::Create(tflite::SimpleMemoryAllocator*, tflite::ErrorReporter*)	16	static
micro_allocator.cc:615:17:static tflite::MicroAllocator* tflite::MicroAllocator::Create(uint8_t*, size_t, tflite::ErrorReporter*)	24	static
micro_allocator.cc:643:14:TfLiteStatus tflite::MicroAllocator::StartModelAllocation(const tflite::Model*, const tflite::MicroOpResolver&, tflite::NodeAndRegistration**, TfLiteEvalTensor**)	24	static
micro_allocator.cc:686:7:void* tflite::MicroAllocator::AllocatePersistentBuffer(size_t)	0	static
micro_allocator.cc:690:14:TfLiteStatus tflite::MicroAllocator::RequestScratchBufferInArena(int, size_t, int*)	24	static
micro_allocator.cc:727:7:void* tflite::MicroAllocator::GetScratchBuffer(int) const	8	static
micro_allocator.cc:738:8:size_t tflite::MicroAllocator::used_bytes() const	0	static
micro_allocator.cc:997:16:tflite::ErrorReporter* tflite::MicroAllocator::error_reporter() const	0	static
micro_allocator.cc:1001:17:const tflite::SubGraph* tflite::MicroAllocator::GetSubGraphFromModel(const tflite::Model*)	16	static
micro_allocator.cc:667:14:TfLiteStatus tflite::MicroAllocator::FinishModelAllocation(const tflite::Model*, TfLiteEvalTensor*)	24	static
micro_allocator.cc:855:15:virtual TfLiteTensor* tflite::MicroAllocator::AllocatePersistentTfLiteTensor(const tflite::Model*, TfLiteEvalTensor*, int)	48	static
micro_allocator.cc:887:15:virtual TfLiteTensor* tflite::MicroAllocator::AllocateTempTfLiteTensor(const tflite::Model*, TfLiteEvalTensor*, int)	40	static
flatbuffers.h:256:15:flatbuffers::Vector<T>::return_type flatbuffers::Vector<T>::Get(flatbuffers::uoffset_t) const [with T = long long int]	8	static
flatbuffers.h:256:15:flatbuffers::Vector<T>::return_type flatbuffers::Vector<T>::Get(flatbuffers::uoffset_t) const [with T = long int]	8	static
flatbuffers.h:256:15:flatbuffers::Vector<T>::return_type flatbuffers::Vector<T>::Get(flatbuffers::uoffset_t) const [with T = flatbuffers::Offset<tflite::Tensor>]	8	static
flatbuffers.h:256:15:flatbuffers::Vector<T>::return_type flatbuffers::Vector<T>::Get(flatbuffers::uoffset_t) const [with T = flatbuffers::Offset<tflite::Operator>]	8	static
flatbuffers.h:256:15:flatbuffers::Vector<T>::return_type flatbuffers::Vector<T>::Get(flatbuffers::uoffset_t) const [with T = flatbuffers::Offset<tflite::Buffer>]	8	static
flatbuffers.h:2439:26:P flatbuffers::Table::GetPointer(flatbuffers::voffset_t) [with P = const flatbuffers::Vector<unsigned char>*]	8	static
micro_allocator.cc:438:7:void* tflite::internal::GetFlatbufferTensorBuffer(const tflite::Tensor&, const flatbuffers::Vector<flatbuffers::Offset<tflite::Buffer> >*)	16	static
flatbuffers.h:2439:26:P flatbuffers::Table::GetPointer(flatbuffers::voffset_t) [with P = const flatbuffers::Vector<long int>*]	8	static
micro_allocator.cc:468:14:TfLiteStatus tflite::internal::InitializeTfLiteTensorFromFlatbuffer(tflite::SimpleMemoryAllocator*, bool, const tflite::Tensor&, const flatbuffers::Vector<flatbuffers::Offset<tflite::Buffer> >*, tflite::ErrorReporter*, TfLiteTensor*)	48	static
micro_allocator.cc:582:14:TfLiteStatus tflite::internal::InitializeTfLiteEvalTensorFromFlatbuffer(tflite::SimpleMemoryAllocator*, const tflite::Tensor&, const flatbuffers::Vector<flatbuffers::Offset<tflite::Buffer> >*, tflite::ErrorReporter*, TfLiteEvalTensor*)	24	static
flatbuffers.h:2439:26:P flatbuffers::Table::GetPointer(flatbuffers::voffset_t) [with P = const flatbuffers::Vector<flatbuffers::Offset<tflite::Tensor> >*]	8	static
micro_allocator.cc:957:14:virtual TfLiteStatus tflite::MicroAllocator::AllocateVariables(const tflite::SubGraph*, TfLiteEvalTensor*)	40	static
flatbuffers.h:2439:26:P flatbuffers::Table::GetPointer(flatbuffers::voffset_t) [with P = const flatbuffers::Vector<flatbuffers::Offset<tflite::Operator> >*]	8	static
micro_allocator.cc:763:14:virtual TfLiteStatus tflite::MicroAllocator::PrepareNodeAndRegistrationDataFromFlatbuffer(const tflite::Model*, const tflite::MicroOpResolver&, tflite::NodeAndRegistration*)	72	static
micro_allocator.cc:742:14:virtual TfLiteStatus tflite::MicroAllocator::AllocateNodeAndRegistrations(const tflite::Model*, tflite::NodeAndRegistration**)	16	static
flatbuffers.h:2439:26:P flatbuffers::Table::GetPointer(flatbuffers::voffset_t) [with P = const flatbuffers::Vector<flatbuffers::Offset<tflite::Buffer> >*]	8	static
micro_allocator.cc:986:14:virtual TfLiteStatus tflite::MicroAllocator::PopulateTfLiteTensorFromFlatbuffer(const tflite::Model*, const tflite::SubGraph*, TfLiteTensor*, int, bool)	32	static
micro_allocator.cc:924:14:virtual TfLiteStatus tflite::MicroAllocator::AllocateTfLiteEvalTensors(const tflite::Model*, TfLiteEvalTensor**)	56	static
micro_allocator.cc:1011:14:virtual TfLiteStatus tflite::MicroAllocator::CommitStaticMemoryPlan(const tflite::Model*, const tflite::SubGraph*, TfLiteEvalTensor*)	152	static
