gthr-default.h:229:1:int __gthread_key_delete(__gthread_key_t)	16	static
limits:1204:7:static constexpr long int std::numeric_limits<long int>::min()	4	static
limits:1207:7:static constexpr long int std::numeric_limits<long int>::max()	4	static
limits:1668:7:static constexpr float std::numeric_limits<float>::max()	4	static
limits:1672:7:static constexpr float std::numeric_limits<float>::lowest()	4	static
fixedpoint.h:329:21:IntegerType gemmlowp::SaturatingRoundingDoublingHighMul(IntegerType, IntegerType) [with IntegerType = long int]	64	static
types.h:184:3:tflite::RuntimeShape::~RuntimeShape()	16	static
types.h:194:18:int32_t tflite::RuntimeShape::DimensionsCount() const	16	static
types.h:195:18:int32_t tflite::RuntimeShape::Dims(int) const	16	static
types.h:213:25:const int32_t* tflite::RuntimeShape::DimsData() const	16	static
types.h:438:12:int tflite::MatchingDim(const tflite::RuntimeShape&, int, const tflite::RuntimeShape&, int)	32	static
types.h:641:12:int tflite::FlatSizeSkipDim(const tflite::RuntimeShape&, int)	32	static
common.h:156:16:int32_t tflite::MultiplyByQuantizedMultiplier(int32_t, int32_t, int)	32	static
fully_connected.h:26:13:void tflite::reference_ops::FullyConnected(const tflite::FullyConnectedParams&, const tflite::RuntimeShape&, const float*, const tflite::RuntimeShape&, const float*, const tflite::RuntimeShape&, const float*, const tflite::RuntimeShape&, float*)	80	static
fully_connected.h:62:13:void tflite::reference_ops::FullyConnected(const tflite::FullyConnectedParams&, const tflite::RuntimeShape&, const uint8_t*, const tflite::RuntimeShape&, const uint8_t*, const tflite::RuntimeShape&, const int32_t*, const tflite::RuntimeShape&, uint8_t*)	96	static
fully_connected.h:110:13:void tflite::reference_ops::FullyConnected(const tflite::FullyConnectedParams&, const tflite::RuntimeShape&, const uint8_t*, const tflite::RuntimeShape&, const uint8_t*, const tflite::RuntimeShape&, const int32_t*, const tflite::RuntimeShape&, int16_t*)	104	static
fully_connected.h:23:13:void tflite::reference_integer_ops::FullyConnected(const tflite::FullyConnectedParams&, const tflite::RuntimeShape&, const int8_t*, const tflite::RuntimeShape&, const int8_t*, const tflite::RuntimeShape&, const int32_t*, const tflite::RuntimeShape&, int8_t*)	96	static
fully_connected.cc:55:14:TfLiteStatus tflite::ops::micro::fully_connected::{anonymous}::CalculateOpData(TfLiteContext*, TfLiteFusedActivation, TfLiteType, const TfLiteTensor*, const TfLiteTensor*, const TfLiteTensor*, TfLiteTensor*, tflite::ops::micro::fully_connected::{anonymous}::OpData*)	56	static
fully_connected.cc:82:7:void* tflite::ops::micro::fully_connected::Init(TfLiteContext*, const char*, size_t)	24	static
fully_connected.cc:87:14:TfLiteStatus tflite::ops::micro::fully_connected::Prepare(TfLiteContext*, TfLiteNode*)	64	static
fully_connected.cc:108:14:TfLiteStatus tflite::ops::micro::fully_connected::EvalQuantizedInt8(TfLiteContext*, TfLiteNode*, const tflite::ops::micro::fully_connected::{anonymous}::OpData&, const TfLiteEvalTensor*, const TfLiteEvalTensor*, const TfLiteEvalTensor*, TfLiteEvalTensor*)	200	static
fully_connected.cc:136:14:TfLiteStatus tflite::ops::micro::fully_connected::EvalQuantized(TfLiteContext*, TfLiteNode*, const tflite::ops::micro::fully_connected::{anonymous}::OpData&, const TfLiteEvalTensor*, const TfLiteEvalTensor*, const TfLiteEvalTensor*, TfLiteEvalTensor*)	312	static
fully_connected.cc:181:14:TfLiteStatus tflite::ops::micro::fully_connected::EvalFloat(TfLiteContext*, TfLiteNode*, TfLiteFusedActivation, const TfLiteEvalTensor*, const TfLiteEvalTensor*, const TfLiteEvalTensor*, TfLiteEvalTensor*)	208	static
fully_connected.cc:204:14:TfLiteStatus tflite::ops::micro::fully_connected::Eval(TfLiteContext*, TfLiteNode*)	64	static
fully_connected.cc:243:20:TfLiteRegistration tflite::ops::micro::Register_FULLY_CONNECTED()	24	static
stl_algobase.h:222:5:constexpr const _Tp& std::max(const _Tp&, const _Tp&) [with _Tp = long int]	16	static
stl_algobase.h:198:5:constexpr const _Tp& std::min(const _Tp&, const _Tp&) [with _Tp = long int]	16	static
common.h:59:10:T tflite::ActivationFunctionWithMinMax(T, T, T) [with T = float]	24	static
fixedpoint.h:357:20:IntegerType gemmlowp::RoundingDivideByPOT(IntegerType, int) [with IntegerType = long int]	56	static
kernel_util.h:41:10:const T* tflite::micro::GetTensorData(const TfLiteEvalTensor*) [with T = signed char]	16	static
kernel_util.h:41:10:const T* tflite::micro::GetTensorData(const TfLiteEvalTensor*) [with T = long int]	16	static
kernel_util.h:35:4:T* tflite::micro::GetTensorData(TfLiteEvalTensor*) [with T = signed char]	16	static
kernel_util.h:41:10:const T* tflite::micro::GetTensorData(const TfLiteEvalTensor*) [with T = unsigned char]	16	static
kernel_util.h:35:4:T* tflite::micro::GetTensorData(TfLiteEvalTensor*) [with T = unsigned char]	16	static
kernel_util.h:35:4:T* tflite::micro::GetTensorData(TfLiteEvalTensor*) [with T = short int]	16	static
kernel_util.h:160:6:void tflite::CalculateActivationRange(TfLiteFusedActivation, T*, T*) [with T = float]	24	static
kernel_util.h:41:10:const T* tflite::micro::GetTensorData(const TfLiteEvalTensor*) [with T = float]	16	static
kernel_util.h:35:4:T* tflite::micro::GetTensorData(TfLiteEvalTensor*) [with T = float]	16	static
stl_algobase.h:222:5:constexpr const _Tp& std::max(const _Tp&, const _Tp&) [with _Tp = float]	16	static
stl_algobase.h:198:5:constexpr const _Tp& std::min(const _Tp&, const _Tp&) [with _Tp = float]	16	static
fixedpoint.h:64:10:tRawType gemmlowp::Dup(typename gemmlowp::FixedPointRawTypeTraits<tRawType>::ScalarRawType) [with tRawType = long int]	16	static
fixedpoint.h:70:14:tIntegerType gemmlowp::BitAnd(tIntegerType, tIntegerType) [with tIntegerType = long int]	16	static
fixedpoint.h:140:14:tIntegerType gemmlowp::ShiftRight(tIntegerType, int) [with tIntegerType = long int]	16	static
fixedpoint.h:199:14:tIntegerType gemmlowp::MaskIfLessThan(tIntegerType, tIntegerType) [with tIntegerType = long int]	16	static
fixedpoint.h:94:14:tIntegerType gemmlowp::Add(tIntegerType, tIntegerType) [with tIntegerType = long int]	16	static
fixedpoint.h:185:14:tIntegerType gemmlowp::MaskIfGreaterThan(tIntegerType, tIntegerType) [with tIntegerType = long int]	16	static
fixedpoint.h:156:14:tIntegerType gemmlowp::MaskIfNonZero(tIntegerType) [with tIntegerType = long int]	16	static
fixedpoint.h:88:14:tIntegerType gemmlowp::BitNot(tIntegerType) [with tIntegerType = long int]	16	static
