micro_op_resolver.h:53:29:virtual const TfLiteRegistration* tflite::MicroOpResolver::FindOp(tflite::BuiltinOperator, int) const	0	static
micro_op_resolver.h:60:29:virtual const TfLiteRegistration* tflite::MicroOpResolver::FindOp(const char*, int) const	0	static
main.cpp:129:37:void __tcf_0()	0	static
micro_mutable_op_resolver.h:39:29:const TfLiteRegistration* tflite::MicroMutableOpResolver<tOpCount>::FindOp(tflite::BuiltinOperator) const [with unsigned int tOpCount = 1]	0	static
micro_mutable_op_resolver.h:34:7:tflite::MicroMutableOpResolver<1>::~MicroMutableOpResolver()	0	static
main.cpp:162:79:void __tcf_2()	0	static
micro_mutable_op_resolver.h:62:41:TfLiteStatus (* tflite::MicroMutableOpResolver<tOpCount>::GetOpDataParser(tflite::BuiltinOperator) const)(const tflite::Operator*, tflite::ErrorReporter*, tflite::BuiltinDataAllocator*, void**) [with unsigned int tOpCount = 1]	8	static
micro_mutable_op_resolver.h:51:29:const TfLiteRegistration* tflite::MicroMutableOpResolver<tOpCount>::FindOp(const char*) const [with unsigned int tOpCount = 1]	24	static
micro_mutable_op_resolver.h:34:7:virtual tflite::MicroMutableOpResolver<1>::~MicroMutableOpResolver()	8	static
main.cpp:146:44:void __tcf_1()	0	static
main.cpp:228:6:void SystemClock_Config()	96	static,ignoring_inline_asm
main.cpp:91:5:int main()	136	static,ignoring_inline_asm
main.cpp:367:17:void DebugLog(const char*)	16	static
main.cpp:378:6:void Error_Handler()	0	static,ignoring_inline_asm
