flatbuffer_conversions.cc:124:15:TfLitePadding tflite::{anonymous}::ConvertPadding(tflite::Padding)	0	static
flatbuffer_conversions.cc:67:6:void tflite::{anonymous}::CheckParsePointerParams(const tflite::Operator*, tflite::ErrorReporter*, tflite::BuiltinDataAllocator*, void**)	8	static
flatbuffer_conversions.cc:43:10:void tflite::{anonymous}::SafeBuiltinDataAllocator::BuiltinDataDeleter::operator()(void*)	0	static
flatbuffer_conversions.cc:79:14:TfLiteStatus tflite::{anonymous}::FlatBufferIntVectorToArray(int, const flatbuffers::Vector<long int>*, int*, tflite::ErrorReporter*, const char*)	16	static
flatbuffers.h:2424:13:flatbuffers::voffset_t flatbuffers::Table::GetOptionalFieldOffset(flatbuffers::voffset_t) const	0	static
schema_generated.h:9445:15:const void* tflite::Operator::builtin_options() const	8	static
flatbuffer_conversions.cc:830:14:TfLiteStatus tflite::ConvertTensorType(tflite::TensorType, TfLiteType*, tflite::ErrorReporter*)	8	static
flatbuffer_conversions.cc:880:14:TfLiteStatus tflite::ParseAbs(const tflite::Operator*, tflite::ErrorReporter*, tflite::BuiltinDataAllocator*, void**)	0	static
flatbuffer_conversions.cc:962:14:TfLiteStatus tflite::ParseCeil(const tflite::Operator*, tflite::ErrorReporter*, tflite::BuiltinDataAllocator*, void**)	0	static
flatbuffer_conversions.cc:1030:14:TfLiteStatus tflite::ParseCos(const tflite::Operator*, tflite::ErrorReporter*, tflite::BuiltinDataAllocator*, void**)	0	static
flatbuffer_conversions.cc:1074:14:TfLiteStatus tflite::ParseDequantize(const tflite::Operator*, tflite::ErrorReporter*, tflite::BuiltinDataAllocator*, void**)	0	static
flatbuffer_conversions.cc:1082:14:TfLiteStatus tflite::ParseEqual(const tflite::Operator*, tflite::ErrorReporter*, tflite::BuiltinDataAllocator*, void**)	0	static
flatbuffer_conversions.cc:1090:14:TfLiteStatus tflite::ParseFloor(const tflite::Operator*, tflite::ErrorReporter*, tflite::BuiltinDataAllocator*, void**)	0	static
flatbuffer_conversions.cc:1144:14:TfLiteStatus tflite::ParseGreater(const tflite::Operator*, tflite::ErrorReporter*, tflite::BuiltinDataAllocator*, void**)	0	static
flatbuffer_conversions.cc:1152:14:TfLiteStatus tflite::ParseGreaterEqual(const tflite::Operator*, tflite::ErrorReporter*, tflite::BuiltinDataAllocator*, void**)	0	static
flatbuffer_conversions.cc:1160:14:TfLiteStatus tflite::ParseHardSwish(const tflite::Operator*, tflite::ErrorReporter*, tflite::BuiltinDataAllocator*, void**)	0	static
flatbuffer_conversions.cc:1195:14:TfLiteStatus tflite::ParseLess(const tflite::Operator*, tflite::ErrorReporter*, tflite::BuiltinDataAllocator*, void**)	0	static
flatbuffer_conversions.cc:1203:14:TfLiteStatus tflite::ParseLessEqual(const tflite::Operator*, tflite::ErrorReporter*, tflite::BuiltinDataAllocator*, void**)	0	static
flatbuffer_conversions.cc:1211:14:TfLiteStatus tflite::ParseLog(const tflite::Operator*, tflite::ErrorReporter*, tflite::BuiltinDataAllocator*, void**)	0	static
flatbuffer_conversions.cc:1219:14:TfLiteStatus tflite::ParseLogicalAnd(const tflite::Operator*, tflite::ErrorReporter*, tflite::BuiltinDataAllocator*, void**)	0	static
flatbuffer_conversions.cc:1227:14:TfLiteStatus tflite::ParseLogicalNot(const tflite::Operator*, tflite::ErrorReporter*, tflite::BuiltinDataAllocator*, void**)	0	static
flatbuffer_conversions.cc:1235:14:TfLiteStatus tflite::ParseLogicalOr(const tflite::Operator*, tflite::ErrorReporter*, tflite::BuiltinDataAllocator*, void**)	0	static
flatbuffer_conversions.cc:1243:14:TfLiteStatus tflite::ParseLogistic(const tflite::Operator*, tflite::ErrorReporter*, tflite::BuiltinDataAllocator*, void**)	0	static
flatbuffer_conversions.cc:1251:14:TfLiteStatus tflite::ParseMaximum(const tflite::Operator*, tflite::ErrorReporter*, tflite::BuiltinDataAllocator*, void**)	0	static
flatbuffer_conversions.cc:1259:14:TfLiteStatus tflite::ParseMinimum(const tflite::Operator*, tflite::ErrorReporter*, tflite::BuiltinDataAllocator*, void**)	0	static
flatbuffer_conversions.cc:1291:14:TfLiteStatus tflite::ParseNeg(const tflite::Operator*, tflite::ErrorReporter*, tflite::BuiltinDataAllocator*, void**)	0	static
flatbuffer_conversions.cc:1299:14:TfLiteStatus tflite::ParseNotEqual(const tflite::Operator*, tflite::ErrorReporter*, tflite::BuiltinDataAllocator*, void**)	0	static
flatbuffer_conversions.cc:1332:14:TfLiteStatus tflite::ParsePad(const tflite::Operator*, tflite::ErrorReporter*, tflite::BuiltinDataAllocator*, void**)	0	static
flatbuffer_conversions.cc:1340:14:TfLiteStatus tflite::ParsePadV2(const tflite::Operator*, tflite::ErrorReporter*, tflite::BuiltinDataAllocator*, void**)	0	static
flatbuffer_conversions.cc:1378:14:TfLiteStatus tflite::ParsePrelu(const tflite::Operator*, tflite::ErrorReporter*, tflite::BuiltinDataAllocator*, void**)	0	static
flatbuffer_conversions.cc:1386:14:TfLiteStatus tflite::ParseQuantize(const tflite::Operator*, tflite::ErrorReporter*, tflite::BuiltinDataAllocator*, void**)	0	static
flatbuffer_conversions.cc:1420:14:TfLiteStatus tflite::ParseRelu(const tflite::Operator*, tflite::ErrorReporter*, tflite::BuiltinDataAllocator*, void**)	0	static
flatbuffer_conversions.cc:1428:14:TfLiteStatus tflite::ParseRelu6(const tflite::Operator*, tflite::ErrorReporter*, tflite::BuiltinDataAllocator*, void**)	0	static
flatbuffer_conversions.cc:1503:14:TfLiteStatus tflite::ParseRound(const tflite::Operator*, tflite::ErrorReporter*, tflite::BuiltinDataAllocator*, void**)	0	static
flatbuffer_conversions.cc:1511:14:TfLiteStatus tflite::ParseRsqrt(const tflite::Operator*, tflite::ErrorReporter*, tflite::BuiltinDataAllocator*, void**)	0	static
flatbuffer_conversions.cc:1519:14:TfLiteStatus tflite::ParseSin(const tflite::Operator*, tflite::ErrorReporter*, tflite::BuiltinDataAllocator*, void**)	0	static
flatbuffer_conversions.cc:1576:14:TfLiteStatus tflite::ParseSqrt(const tflite::Operator*, tflite::ErrorReporter*, tflite::BuiltinDataAllocator*, void**)	0	static
flatbuffer_conversions.cc:1584:14:TfLiteStatus tflite::ParseSquare(const tflite::Operator*, tflite::ErrorReporter*, tflite::BuiltinDataAllocator*, void**)	0	static
flatbuffer_conversions.cc:1674:14:TfLiteStatus tflite::ParseTanh(const tflite::Operator*, tflite::ErrorReporter*, tflite::BuiltinDataAllocator*, void**)	0	static
flatbuffers.h:2434:26:T flatbuffers::Table::GetField(flatbuffers::voffset_t, T) const [with T = unsigned char]	16	static
schema_generated.h:9442:26:tflite::BuiltinOptions tflite::Operator::builtin_options_type() const	8	static
flatbuffer_conversions.cc:1433:14:TfLiteStatus tflite::ParseReshape(const tflite::Operator*, tflite::ErrorReporter*, tflite::BuiltinDataAllocator*, void**)	40	static
flatbuffer_conversions.cc:1391:14:TfLiteStatus tflite::ParseReducer(const tflite::Operator*, tflite::ErrorReporter*, tflite::BuiltinDataAllocator*, void**)	32	static
flatbuffer_conversions.cc:1473:14:TfLiteStatus tflite::ParseResizeNearestNeighbor(const tflite::Operator*, tflite::ErrorReporter*, tflite::BuiltinDataAllocator*, void**)	32	static
flatbuffers.h:2434:26:T flatbuffers::Table::GetField(flatbuffers::voffset_t, T) const [with T = long int]	16	static
flatbuffer_conversions.cc:1304:14:TfLiteStatus tflite::ParsePack(const tflite::Operator*, tflite::ErrorReporter*, tflite::BuiltinDataAllocator*, void**)	32	static
flatbuffer_conversions.cc:1589:14:TfLiteStatus tflite::ParseStridedSlice(const tflite::Operator*, tflite::ErrorReporter*, tflite::BuiltinDataAllocator*, void**)	32	static
flatbuffer_conversions.cc:1679:14:TfLiteStatus tflite::ParseUnpack(const tflite::Operator*, tflite::ErrorReporter*, tflite::BuiltinDataAllocator*, void**)	32	static
flatbuffers.h:2434:26:T flatbuffers::Table::GetField(flatbuffers::voffset_t, T) const [with T = signed char]	16	static
flatbuffer_conversions.cc:885:14:TfLiteStatus tflite::ParseAdd(const tflite::Operator*, tflite::ErrorReporter*, tflite::BuiltinDataAllocator*, void**)	32	static
flatbuffer_conversions.cc:909:14:TfLiteStatus tflite::ParseArgMax(const tflite::Operator*, tflite::ErrorReporter*, tflite::BuiltinDataAllocator*, void**)	32	static
flatbuffer_conversions.cc:934:14:TfLiteStatus tflite::ParseArgMin(const tflite::Operator*, tflite::ErrorReporter*, tflite::BuiltinDataAllocator*, void**)	32	static
flatbuffer_conversions.cc:967:14:TfLiteStatus tflite::ParseConcatenation(const tflite::Operator*, tflite::ErrorReporter*, tflite::BuiltinDataAllocator*, void**)	32	static
flatbuffer_conversions.cc:996:14:TfLiteStatus tflite::ParseConv2D(const tflite::Operator*, tflite::ErrorReporter*, tflite::BuiltinDataAllocator*, void**)	32	static
flatbuffer_conversions.cc:1035:14:TfLiteStatus tflite::ParseDepthwiseConv2D(const tflite::Operator*, tflite::ErrorReporter*, tflite::BuiltinDataAllocator*, void**)	32	static
flatbuffer_conversions.cc:1095:14:TfLiteStatus tflite::ParseFullyConnected(const tflite::Operator*, tflite::ErrorReporter*, tflite::BuiltinDataAllocator*, void**)	40	static
flatbuffer_conversions.cc:1165:14:TfLiteStatus tflite::ParseL2Normalization(const tflite::Operator*, tflite::ErrorReporter*, tflite::BuiltinDataAllocator*, void**)	32	static
flatbuffer_conversions.cc:1264:14:TfLiteStatus tflite::ParseMul(const tflite::Operator*, tflite::ErrorReporter*, tflite::BuiltinDataAllocator*, void**)	32	static
flatbuffer_conversions.cc:1345:14:TfLiteStatus tflite::ParsePool(const tflite::Operator*, tflite::ErrorReporter*, tflite::BuiltinDataAllocator*, void**)	32	static
flatbuffer_conversions.cc:1620:14:TfLiteStatus tflite::ParseSub(const tflite::Operator*, tflite::ErrorReporter*, tflite::BuiltinDataAllocator*, void**)	32	static
flatbuffer_conversions.cc:1644:14:TfLiteStatus tflite::ParseSvdf(const tflite::Operator*, tflite::ErrorReporter*, tflite::BuiltinDataAllocator*, void**)	32	static
flatbuffers.h:2434:26:T flatbuffers::Table::GetField(flatbuffers::voffset_t, T) const [with T = float]	16	static
flatbuffer_conversions.cc:1524:14:TfLiteStatus tflite::ParseSoftmax(const tflite::Operator*, tflite::ErrorReporter*, tflite::BuiltinDataAllocator*, void**)	32	static
flatbuffer_conversions.h:43:6:T* tflite::BuiltinDataAllocator::AllocatePOD() [with T = TfLiteSplitParams]	0	static
flatbuffer_conversions.cc:1549:14:TfLiteStatus tflite::ParseSplit(const tflite::Operator*, tflite::ErrorReporter*, tflite::BuiltinDataAllocator*, void**)	32	static
flatbuffer_conversions.cc:1704:14:TfLiteStatus tflite::ParseOpData(const tflite::Operator*, tflite::BuiltinOperator, tflite::ErrorReporter*, tflite::BuiltinDataAllocator*, void**)	40	static
