Archive member included to satisfy reference by file (symbol)

c:/st/stm32cubeide_1.7.0/stm32cubeide/plugins/com.st.stm32cube.ide.mcu.externaltools.gnu-tools-for-stm32.9-2020-q2-update.win32_2.0.0.202105311346/tools/bin/../lib/gcc/arm-none-eabi/9.3.1/../../../../arm-none-eabi/lib/thumb/v7e-m+fp/hard\libstdc++_nano.a(del_op.o)
                              ./tensorflow_lite/tensorflow/lite/micro/micro_optional_debug_tools.o (operator delete(void*))
c:/st/stm32cubeide_1.7.0/stm32cubeide/plugins/com.st.stm32cube.ide.mcu.externaltools.gnu-tools-for-stm32.9-2020-q2-update.win32_2.0.0.202105311346/tools/bin/../lib/gcc/arm-none-eabi/9.3.1/../../../../arm-none-eabi/lib/thumb/v7e-m+fp/hard\libstdc++_nano.a(del_ops.o)
                              ./Core/Src/main.o (operator delete(void*, unsigned int))
c:/st/stm32cubeide_1.7.0/stm32cubeide/plugins/com.st.stm32cube.ide.mcu.externaltools.gnu-tools-for-stm32.9-2020-q2-update.win32_2.0.0.202105311346/tools/bin/../lib/gcc/arm-none-eabi/9.3.1/../../../../arm-none-eabi/lib/thumb/v7e-m+fp/hard\libstdc++_nano.a(del_opv.o)
                              ./tensorflow_lite/tensorflow/lite/micro/memory_helpers.o (operator delete[](void*))
c:/st/stm32cubeide_1.7.0/stm32cubeide/plugins/com.st.stm32cube.ide.mcu.externaltools.gnu-tools-for-stm32.9-2020-q2-update.win32_2.0.0.202105311346/tools/bin/../lib/gcc/arm-none-eabi/9.3.1/../../../../arm-none-eabi/lib/thumb/v7e-m+fp/hard\libstdc++_nano.a(guard.o)
                              ./Core/Src/main.o (__cxa_guard_acquire)
c:/st/stm32cubeide_1.7.0/stm32cubeide/plugins/com.st.stm32cube.ide.mcu.externaltools.gnu-tools-for-stm32.9-2020-q2-update.win32_2.0.0.202105311346/tools/bin/../lib/gcc/arm-none-eabi/9.3.1/../../../../arm-none-eabi/lib/thumb/v7e-m+fp/hard\libstdc++_nano.a(new_op.o)
                              ./tensorflow_lite/tensorflow/lite/micro/micro_optional_debug_tools.o (operator new(unsigned int))
c:/st/stm32cubeide_1.7.0/stm32cubeide/plugins/com.st.stm32cube.ide.mcu.externaltools.gnu-tools-for-stm32.9-2020-q2-update.win32_2.0.0.202105311346/tools/bin/../lib/gcc/arm-none-eabi/9.3.1/../../../../arm-none-eabi/lib/thumb/v7e-m+fp/hard\libstdc++_nano.a(new_opv.o)
                              ./tensorflow_lite/tensorflow/lite/micro/memory_helpers.o (operator new[](unsigned int))
c:/st/stm32cubeide_1.7.0/stm32cubeide/plugins/com.st.stm32cube.ide.mcu.externaltools.gnu-tools-for-stm32.9-2020-q2-update.win32_2.0.0.202105311346/tools/bin/../lib/gcc/arm-none-eabi/9.3.1/../../../../arm-none-eabi/lib/thumb/v7e-m+fp/hard\libstdc++_nano.a(functexcept.o)
                              ./tensorflow_lite/tensorflow/lite/micro/micro_optional_debug_tools.o (std::__throw_length_error(char const*))
c:/st/stm32cubeide_1.7.0/stm32cubeide/plugins/com.st.stm32cube.ide.mcu.externaltools.gnu-tools-for-stm32.9-2020-q2-update.win32_2.0.0.202105311346/tools/bin/../lib/gcc/arm-none-eabi/9.3.1/../../../../arm-none-eabi/lib/thumb/v7e-m+fp/hard\libstdc++_nano.a(snprintf_lite.o)
                              c:/st/stm32cubeide_1.7.0/stm32cubeide/plugins/com.st.stm32cube.ide.mcu.externaltools.gnu-tools-for-stm32.9-2020-q2-update.win32_2.0.0.202105311346/tools/bin/../lib/gcc/arm-none-eabi/9.3.1/../../../../arm-none-eabi/lib/thumb/v7e-m+fp/hard\libstdc++_nano.a(functexcept.o) (__gnu_cxx::__snprintf_lite(char*, unsigned int, char const*, std::__va_list))
c:/st/stm32cubeide_1.7.0/stm32cubeide/plugins/com.st.stm32cube.ide.mcu.externaltools.gnu-tools-for-stm32.9-2020-q2-update.win32_2.0.0.202105311346/tools/bin/../lib/gcc/arm-none-eabi/9.3.1/../../../../arm-none-eabi/lib/thumb/v7e-m+fp/hard\libstdc++_nano.a(new_handler.o)
                              c:/st/stm32cubeide_1.7.0/stm32cubeide/plugins/com.st.stm32cube.ide.mcu.externaltools.gnu-tools-for-stm32.9-2020-q2-update.win32_2.0.0.202105311346/tools/bin/../lib/gcc/arm-none-eabi/9.3.1/../../../../arm-none-eabi/lib/thumb/v7e-m+fp/hard\libstdc++_nano.a(new_op.o) (std::get_new_handler())
c:/st/stm32cubeide_1.7.0/stm32cubeide/plugins/com.st.stm32cube.ide.mcu.externaltools.gnu-tools-for-stm32.9-2020-q2-update.win32_2.0.0.202105311346/tools/bin/../lib/gcc/arm-none-eabi/9.3.1/../../../../arm-none-eabi/lib/thumb/v7e-m+fp/hard\libm.a(lib_a-s_floor.o)
                              ./tensorflow_lite/tensorflow/lite/kernels/internal/quantization_util.o (floor)
c:/st/stm32cubeide_1.7.0/stm32cubeide/plugins/com.st.stm32cube.ide.mcu.externaltools.gnu-tools-for-stm32.9-2020-q2-update.win32_2.0.0.202105311346/tools/bin/../lib/gcc/arm-none-eabi/9.3.1/../../../../arm-none-eabi/lib/thumb/v7e-m+fp/hard\libm.a(lib_a-s_frexp.o)
                              ./tensorflow_lite/tensorflow/lite/kernels/internal/quantization_util.o (frexp)
c:/st/stm32cubeide_1.7.0/stm32cubeide/plugins/com.st.stm32cube.ide.mcu.externaltools.gnu-tools-for-stm32.9-2020-q2-update.win32_2.0.0.202105311346/tools/bin/../lib/gcc/arm-none-eabi/9.3.1/../../../../arm-none-eabi/lib/thumb/v7e-m+fp/hard\libm.a(lib_a-s_round.o)
[...]
Memory Configuration

Name             Origin             Length             Attributes
RAM              0x0000000020000000 0x000000000000c000 xrw
RAM2             0x0000000010000000 0x0000000000004000 xrw
FLASH            0x0000000008000000 0x0000000000040000 xr
*default*        0x0000000000000000 0xffffffffffffffff

Linker script and memory map

LOAD c:/st/stm32cubeide_1.7.0/stm32cubeide/plugins/com.st.stm32cube.ide.mcu.externaltools.gnu-tools-for-stm32.9-2020-q2-update.win32_2.0.0.202105311346/tools/bin/../lib/gcc/arm-none-eabi/9.3.1/thumb/v7e-m+fp/hard/crti.o
LOAD c:/st/stm32cubeide_1.7.0/stm32cubeide/plugins/com.st.stm32cube.ide.mcu.externaltools.gnu-tools-for-stm32.9-2020-q2-update.win32_2.0.0.202105311346/tools/bin/../lib/gcc/arm-none-eabi/9.3.1/thumb/v7e-m+fp/hard/crtbegin.o
LOAD c:/st/stm32cubeide_1.7.0/stm32cubeide/plugins/com.st.stm32cube.ide.mcu.externaltools.gnu-tools-for-stm32.9-2020-q2-update.win32_2.0.0.202105311346/tools/bin/../lib/gcc/arm-none-eabi/9.3.1/../../../../arm-none-eabi/lib/thumb/v7e-m+fp/hard/crt0.o
LOAD ./Core/Src/main.o
LOAD ./Core/Src/stm32l4xx_hal_msp.o
LOAD ./Core/Src/stm32l4xx_it.o
LOAD ./Core/Src/syscalls.o
LOAD ./Core/Src/sysmem.o
LOAD ./Core/Src/system_stm32l4xx.o
LOAD ./Core/Startup/startup_stm32l432kcux.o
LOAD ./Drivers/STM32L4xx_HAL_Driver/Src/stm32l4xx_hal.o
LOAD ./Drivers/STM32L4xx_HAL_Driver/Src/stm32l4xx_hal_cortex.o
LOAD ./Drivers/STM32L4xx_HAL_Driver/Src/stm32l4xx_hal_dma.o
LOAD ./Drivers/STM32L4xx_HAL_Driver/Src/stm32l4xx_hal_dma_ex.o
LOAD ./Drivers/STM32L4xx_HAL_Driver/Src/stm32l4xx_hal_exti.o
LOAD ./Drivers/STM32L4xx_HAL_Driver/Src/stm32l4xx_hal_flash.o
LOAD ./Drivers/STM32L4xx_HAL_Driver/Src/stm32l4xx_hal_flash_ex.o
LOAD ./Drivers/STM32L4xx_HAL_Driver/Src/stm32l4xx_hal_flash_ramfunc.o
LOAD ./Drivers/STM32L4xx_HAL_Driver/Src/stm32l4xx_hal_gpio.o
LOAD ./Drivers/STM32L4xx_HAL_Driver/Src/stm32l4xx_hal_i2c.o
LOAD ./Drivers/STM32L4xx_HAL_Driver/Src/stm32l4xx_hal_i2c_ex.o
LOAD ./Drivers/STM32L4xx_HAL_Driver/Src/stm32l4xx_hal_pwr.o
LOAD ./Drivers/STM32L4xx_HAL_Driver/Src/stm32l4xx_hal_pwr_ex.o
LOAD ./Drivers/STM32L4xx_HAL_Driver/Src/stm32l4xx_hal_rcc.o
LOAD ./Drivers/STM32L4xx_HAL_Driver/Src/stm32l4xx_hal_rcc_ex.o
LOAD ./Drivers/STM32L4xx_HAL_Driver/Src/stm32l4xx_hal_tim.o
LOAD ./Drivers/STM32L4xx_HAL_Driver/Src/stm32l4xx_hal_tim_ex.o
LOAD ./Drivers/STM32L4xx_HAL_Driver/Src/stm32l4xx_hal_uart.o
LOAD ./Drivers/STM32L4xx_HAL_Driver/Src/stm32l4xx_hal_uart_ex.o
LOAD ./tensorflow_lite/tensorflow/lite/c/common.o
LOAD ./tensorflow_lite/tensorflow/lite/core/api/error_reporter.o
LOAD ./tensorflow_lite/tensorflow/lite/core/api/flatbuffer_conversions.o
LOAD ./tensorflow_lite/tensorflow/lite/core/api/op_resolver.o
LOAD ./tensorflow_lite/tensorflow/lite/core/api/tensor_utils.o
LOAD ./tensorflow_lite/tensorflow/lite/kernels/internal/quantization_util.o
LOAD ./tensorflow_lite/tensorflow/lite/kernels/kernel_util.o
LOAD ./tensorflow_lite/tensorflow/lite/micro/all_ops_resolver.o
LOAD ./tensorflow_lite/tensorflow/lite/micro/debug_log.o
LOAD ./tensorflow_lite/tensorflow/lite/micro/memory_helpers.o
LOAD ./tensorflow_lite/tensorflow/lite/micro/micro_allocator.o
LOAD ./tensorflow_lite/tensorflow/lite/micro/micro_error_reporter.o
LOAD ./tensorflow_lite/tensorflow/lite/micro/micro_interpreter.o
LOAD ./tensorflow_lite/tensorflow/lite/micro/micro_optional_debug_tools.o
LOAD ./tensorflow_lite/tensorflow/lite/micro/micro_profiler.o
LOAD ./tensorflow_lite/tensorflow/lite/micro/micro_string.o
LOAD ./tensorflow_lite/tensorflow/lite/micro/micro_time.o
LOAD ./tensorflow_lite/tensorflow/lite/micro/micro_utils.o
LOAD ./tensorflow_lite/tensorflow/lite/micro/recording_micro_allocator.o
LOAD ./tensorflow_lite/tensorflow/lite/micro/recording_simple_memory_allocator.o
LOAD ./tensorflow_lite/tensorflow/lite/micro/simple_memory_allocator.o
LOAD ./tensorflow_lite/tensorflow/lite/micro/test_helpers.o
LOAD ./tensorflow_lite/tensorflow/lite/micro/benchmarks/keyword_scrambled_model_data.o
LOAD ./tensorflow_lite/tensorflow/lite/micro/kernels/activations.o
LOAD ./tensorflow_lite/tensorflow/lite/micro/kernels/add.o
LOAD ./tensorflow_lite/tensorflow/lite/micro/kernels/arg_min_max.o
LOAD ./tensorflow_lite/tensorflow/lite/micro/kernels/ceil.o
LOAD ./tensorflow_lite/tensorflow/lite/micro/kernels/circular_buffer.o
LOAD ./tensorflow_lite/tensorflow/lite/micro/kernels/comparisons.o
LOAD ./tensorflow_lite/tensorflow/lite/micro/kernels/concatenation.o
LOAD ./tensorflow_lite/tensorflow/lite/micro/kernels/conv.o
LOAD ./tensorflow_lite/tensorflow/lite/micro/kernels/depthwise_conv.o
LOAD ./tensorflow_lite/tensorflow/lite/micro/kernels/dequantize.o
LOAD ./tensorflow_lite/tensorflow/lite/micro/kernels/elementwise.o
LOAD ./tensorflow_lite/tensorflow/lite/micro/kernels/ethosu.o
LOAD ./tensorflow_lite/tensorflow/lite/micro/kernels/floor.o
LOAD ./tensorflow_lite/tensorflow/lite/micro/kernels/fully_connected.o
LOAD ./tensorflow_lite/tensorflow/lite/micro/kernels/hard_swish.o
LOAD ./tensorflow_lite/tensorflow/lite/micro/kernels/kernel_runner.o
LOAD ./tensorflow_lite/tensorflow/lite/micro/kernels/kernel_util.o
LOAD ./tensorflow_lite/tensorflow/lite/micro/kernels/l2norm.o
LOAD ./tensorflow_lite/tensorflow/lite/micro/kernels/logical.o
LOAD ./tensorflow_lite/tensorflow/lite/micro/kernels/logistic.o
LOAD ./tensorflow_lite/tensorflow/lite/micro/kernels/maximum_minimum.o
LOAD ./tensorflow_lite/tensorflow/lite/micro/kernels/mul.o
LOAD ./tensorflow_lite/tensorflow/lite/micro/kernels/neg.o
LOAD ./tensorflow_lite/tensorflow/lite/micro/kernels/pack.o
LOAD ./tensorflow_lite/tensorflow/lite/micro/kernels/pad.o
LOAD ./tensorflow_lite/tensorflow/lite/micro/kernels/pooling.o
LOAD ./tensorflow_lite/tensorflow/lite/micro/kernels/prelu.o
LOAD ./tensorflow_lite/tensorflow/lite/micro/kernels/quantize.o
LOAD ./tensorflow_lite/tensorflow/lite/micro/kernels/reduce.o
LOAD ./tensorflow_lite/tensorflow/lite/micro/kernels/reshape.o
LOAD ./tensorflow_lite/tensorflow/lite/micro/kernels/resize_nearest_neighbor.o
LOAD ./tensorflow_lite/tensorflow/lite/micro/kernels/round.o
LOAD ./tensorflow_lite/tensorflow/lite/micro/kernels/softmax.o
LOAD ./tensorflow_lite/tensorflow/lite/micro/kernels/split.o
LOAD ./tensorflow_lite/tensorflow/lite/micro/kernels/strided_slice.o
LOAD ./tensorflow_lite/tensorflow/lite/micro/kernels/sub.o
LOAD ./tensorflow_lite/tensorflow/lite/micro/kernels/svdf.o
LOAD ./tensorflow_lite/tensorflow/lite/micro/kernels/tanh.o
LOAD ./tensorflow_lite/tensorflow/lite/micro/kernels/unpack.o
LOAD ./tensorflow_lite/tensorflow/lite/micro/memory_planner/greedy_memory_planner.o
LOAD ./tensorflow_lite/tensorflow/lite/micro/memory_planner/linear_memory_planner.o
LOAD ./tensorflow_lite/tensorflow/lite/micro/testing/test_conv_model.o
LOAD ./tensorflow_lite/tensorflow/lite/micro/testing/test_utils.o
START GROUP
LOAD c:/st/stm32cubeide_1.7.0/stm32cubeide/plugins/com.st.stm32cube.ide.mcu.externaltools.gnu-tools-for-stm32.9-2020-q2-update.win32_2.0.0.202105311346/tools/bin/../lib/gcc/arm-none-eabi/9.3.1/../../../../arm-none-eabi/lib/thumb/v7e-m+fp/hard\libstdc++_nano.a
LOAD c:/st/stm32cubeide_1.7.0/stm32cubeide/plugins/com.st.stm32cube.ide.mcu.externaltools.gnu-tools-for-stm32.9-2020-q2-update.win32_2.0.0.202105311346/tools/bin/../lib/gcc/arm-none-eabi/9.3.1/../../../../arm-none-eabi/lib/thumb/v7e-m+fp/hard\libsupc++_nano.a
END GROUP
LOAD c:/st/stm32cubeide_1.7.0/stm32cubeide/plugins/com.st.stm32cube.ide.mcu.externaltools.gnu-tools-for-stm32.9-2020-q2-update.win32_2.0.0.202105311346/tools/bin/../lib/gcc/arm-none-eabi/9.3.1/../../../../arm-none-eabi/lib/thumb/v7e-m+fp/hard\libstdc++_nano.a
LOAD c:/st/stm32cubeide_1.7.0/stm32cubeide/plugins/com.st.stm32cube.ide.mcu.externaltools.gnu-tools-for-stm32.9-2020-q2-update.win32_2.0.0.202105311346/tools/bin/../lib/gcc/arm-none-eabi/9.3.1/../../../../arm-none-eabi/lib/thumb/v7e-m+fp/hard\libm.a
LOAD c:/st/stm32cubeide_1.7.0/stm32cubeide/plugins/com.st.stm32cube.ide.mcu.externaltools.gnu-tools-for-stm32.9-2020-q2-update.win32_2.0.0.202105311346/tools/bin/../lib/gcc/arm-none-eabi/9.3.1/../../../../arm-none-eabi/lib/thumb/v7e-m+fp/hard\libc_nano.a
START GROUP
LOAD c:/st/stm32cubeide_1.7.0/stm32cubeide/plugins/com.st.stm32cube.ide.mcu.externaltools.gnu-tools-for-stm32.9-2020-q2-update.win32_2.0.0.202105311346/tools/bin/../lib/gcc/arm-none-eabi/9.3.1/thumb/v7e-m+fp/hard\libgcc.a
LOAD c:/st/stm32cubeide_1.7.0/stm32cubeide/plugins/com.st.stm32cube.ide.mcu.externaltools.gnu-tools-for-stm32.9-2020-q2-update.win32_2.0.0.202105311346/tools/bin/../lib/gcc/arm-none-eabi/9.3.1/../../../../arm-none-eabi/lib/thumb/v7e-m+fp/hard\libc_nano.a
END GROUP
START GROUP
LOAD c:/st/stm32cubeide_1.7.0/stm32cubeide/plugins/com.st.stm32cube.ide.mcu.externaltools.gnu-tools-for-stm32.9-2020-q2-update.win32_2.0.0.202105311346/tools/bin/../lib/gcc/arm-none-eabi/9.3.1/thumb/v7e-m+fp/hard\libgcc.a
LOAD c:/st/stm32cubeide_1.7.0/stm32cubeide/plugins/com.st.stm32cube.ide.mcu.externaltools.gnu-tools-for-stm32.9-2020-q2-update.win32_2.0.0.202105311346/tools/bin/../lib/gcc/arm-none-eabi/9.3.1/../../../../arm-none-eabi/lib/thumb/v7e-m+fp/hard\libc_nano.a
LOAD c:/st/stm32cubeide_1.7.0/stm32cubeide/plugins/com.st.stm32cube.ide.mcu.externaltools.gnu-tools-for-stm32.9-2020-q2-update.win32_2.0.0.202105311346/tools/bin/../lib/gcc/arm-none-eabi/9.3.1/../../../../arm-none-eabi/lib/thumb/v7e-m+fp/hard\libnosys.a
END GROUP
START GROUP
LOAD c:/st/stm32cubeide_1.7.0/stm32cubeide/plugins/com.st.stm32cube.ide.mcu.externaltools.gnu-tools-for-stm32.9-2020-q2-update.win32_2.0.0.202105311346/tools/bin/../lib/gcc/arm-none-eabi/9.3.1/thumb/v7e-m+fp/hard\libgcc.a
LOAD c:/st/stm32cubeide_1.7.0/stm32cubeide/plugins/com.st.stm32cube.ide.mcu.externaltools.gnu-tools-for-stm32.9-2020-q2-update.win32_2.0.0.202105311346/tools/bin/../lib/gcc/arm-none-eabi/9.3.1/../../../../arm-none-eabi/lib/thumb/v7e-m+fp/hard\libc_nano.a
LOAD c:/st/stm32cubeide_1.7.0/stm32cubeide/plugins/com.st.stm32cube.ide.mcu.externaltools.gnu-tools-for-stm32.9-2020-q2-update.win32_2.0.0.202105311346/tools/bin/../lib/gcc/arm-none-eabi/9.3.1/../../../../arm-none-eabi/lib/thumb/v7e-m+fp/hard\libnosys.a
END GROUP
LOAD c:/st/stm32cubeide_1.7.0/stm32cubeide/plugins/com.st.stm32cube.ide.mcu.externaltools.gnu-tools-for-stm32.9-2020-q2-update.win32_2.0.0.202105311346/tools/bin/../lib/gcc/arm-none-eabi/9.3.1/thumb/v7e-m+fp/hard/crtend.o
LOAD c:/st/stm32cubeide_1.7.0/stm32cubeide/plugins/com.st.stm32cube.ide.mcu.externaltools.gnu-tools-for-stm32.9-2020-q2-update.win32_2.0.0.202105311346/tools/bin/../lib/gcc/arm-none-eabi/9.3.1/thumb/v7e-m+fp/hard/crtn.o
                0x000000002000c000                _estack = (ORIGIN (RAM) + LENGTH (RAM))
                0x0000000000000200                _Min_Heap_Size = 0x200
                0x0000000000000400                _Min_Stack_Size = 0x400

.isr_vector     0x0000000008000000      0x18c
                0x0000000008000000                . = ALIGN (0x4)
 *(.isr_vector)
 .isr_vector    0x0000000008000000      0x18c ./Core/Startup/startup_stm32l432kcux.o
                0x0000000008000000                g_pfnVectors
                0x000000000800018c                . = ALIGN (0x4)

.text           0x0000000008000190     0x852c
                0x0000000008000190                . = ALIGN (0x4)
 *(.text)
 .text          0x0000000008000190       0x40 c:/st/stm32cubeide_1.7.0/stm32cubeide/plugins/com.st.stm32cube.ide.mcu.externaltools.gnu-tools-for-stm32.9-2020-q2-update.win32_2.0.0.202105311346/tools/bin/../lib/gcc/arm-none-eabi/9.3.1/thumb/v7e-m+fp/hard/crtbegin.o
 .text          0x00000000080001d0       0x14 c:/st/stm32cubeide_1.7.0/stm32cubeide/plugins/com.st.stm32cube.ide.mcu.externaltools.gnu-tools-for-stm32.9-2020-q2-update.win32_2.0.0.202105311346/tools/bin/../lib/gcc/arm-none-eabi/9.3.1/../../../../arm-none-eabi/lib/thumb/v7e-m+fp/hard\libc_nano.a(lib_a-strcmp.o)
                0x00000000080001d0                strcmp
 .text          0x00000000080001e4       0x10 c:/st/stm32cubeide_1.7.0/stm32cubeide/plugins/com.st.stm32cube.ide.mcu.externaltools.gnu-tools-for-stm32.9-2020-q2-update.win32_2.0.0.202105311346/tools/bin/../lib/gcc/arm-none-eabi/9.3.1/../../../../arm-none-eabi/lib/thumb/v7e-m+fp/hard\libc_nano.a(lib_a-strlen.o)
                0x00000000080001e4                strlen
 *fill*         0x00000000080001f4        0xc 
 .text          0x0000000008000200       0xa0 c:/st/stm32cubeide_1.7.0/stm32cubeide/plugins/com.st.stm32cube.ide.mcu.externaltools.gnu-tools-for-stm32.9-2020-q2-update.win32_2.0.0.202105311346/tools/bin/../lib/gcc/arm-none-eabi/9.3.1/../../../../arm-none-eabi/lib/thumb/v7e-m+fp/hard\libc_nano.a(lib_a-memchr.o)
                0x0000000008000200                memchr
 .text          0x00000000080002a0      0x378 c:/st/stm32cubeide_1.7.0/stm32cubeide/plugins/com.st.stm32cube.ide.mcu.externaltools.gnu-tools-for-stm32.9-2020-q2-update.win32_2.0.0.202105311346/tools/bin/../lib/gcc/arm-none-eabi/9.3.1/thumb/v7e-m+fp/hard\libgcc.a(_arm_addsubdf3.o)
                0x00000000080002a0                __aeabi_drsub
                0x00000000080002a8                __aeabi_dsub
                0x00000000080002a8                __subdf3
                0x00000000080002ac                __aeabi_dadd
                0x00000000080002ac                __adddf3
                0x0000000008000524                __floatunsidf
                0x0000000008000524                __aeabi_ui2d
                0x0000000008000544                __floatsidf
                0x0000000008000544                __aeabi_i2d
                0x0000000008000568                __aeabi_f2d
                0x0000000008000568                __extendsfdf2
                0x00000000080005ac                __floatundidf
                0x00000000080005ac                __aeabi_ul2d
                0x00000000080005bc                __floatdidf
                0x00000000080005bc                __aeabi_l2d
 .text          0x0000000008000618      0x424 c:/st/stm32cubeide_1.7.0/stm32cubeide/plugins/com.st.stm32cube.ide.mcu.externaltools.gnu-tools-for-stm32.9-2020-q2-update.win32_2.0.0.202105311346/tools/bin/../lib/gcc/arm-none-eabi/9.3.1/thumb/v7e-m+fp/hard\libgcc.a(_arm_muldivdf3.o)
                0x0000000008000618                __aeabi_dmul
                0x0000000008000618                __muldf3
                0x000000000800086c                __divdf3
                0x000000000800086c                __aeabi_ddiv
 .text          0x0000000008000a3c      0x110 c:/st/stm32cubeide_1.7.0/stm32cubeide/plugins/com.st.stm32cube.ide.mcu.externaltools.gnu-tools-for-stm32.9-2020-q2-update.win32_2.0.0.202105311346/tools/bin/../lib/gcc/arm-none-eabi/9.3.1/thumb/v7e-m+fp/hard\libgcc.a(_arm_cmpdf2.o)
                0x0000000008000a3c                __gtdf2
                0x0000000008000a3c                __gedf2
                0x0000000008000a44                __ltdf2
                0x0000000008000a44                __ledf2
                0x0000000008000a4c                __nedf2
                0x0000000008000a4c                __eqdf2
                0x0000000008000a4c                __cmpdf2
                0x0000000008000ac8                __aeabi_cdrcmple
                0x0000000008000ad8                __aeabi_cdcmpeq
                0x0000000008000ad8                __aeabi_cdcmple
                0x0000000008000ae8                __aeabi_dcmpeq
                0x0000000008000afc                __aeabi_dcmplt
                0x0000000008000b10                __aeabi_dcmple
                0x0000000008000b24                __aeabi_dcmpge
                0x0000000008000b38                __aeabi_dcmpgt
 .text          0x0000000008000b4c       0x2c c:/st/stm32cubeide_1.7.0/stm32cubeide/plugins/com.st.stm32cube.ide.mcu.externaltools.gnu-tools-for-stm32.9-2020-q2-update.win32_2.0.0.202105311346/tools/bin/../lib/gcc/arm-none-eabi/9.3.1/thumb/v7e-m+fp/hard\libgcc.a(_arm_unorddf2.o)
                0x0000000008000b4c                __unorddf2
                0x0000000008000b4c                __aeabi_dcmpun
 .text          0x0000000008000b78       0x50 c:/st/stm32cubeide_1.7.0/stm32cubeide/plugins/com.st.stm32cube.ide.mcu.externaltools.gnu-tools-for-stm32.9-2020-q2-update.win32_2.0.0.202105311346/tools/bin/../lib/gcc/arm-none-eabi/9.3.1/thumb/v7e-m+fp/hard\libgcc.a(_arm_fixdfsi.o)
                0x0000000008000b78                __aeabi_d2iz
                0x0000000008000b78                __fixdfsi
 .text          0x0000000008000bc8       0xa0 c:/st/stm32cubeide_1.7.0/stm32cubeide/plugins/com.st.stm32cube.ide.mcu.externaltools.gnu-tools-for-stm32.9-2020-q2-update.win32_2.0.0.202105311346/tools/bin/../lib/gcc/arm-none-eabi/9.3.1/thumb/v7e-m+fp/hard\libgcc.a(_arm_truncdfsf2.o)
                0x0000000008000bc8                __truncdfsf2
                0x0000000008000bc8                __aeabi_d2f
 .text          0x0000000008000c68       0x30 c:/st/stm32cubeide_1.7.0/stm32cubeide/plugins/com.st.stm32cube.ide.mcu.externaltools.gnu-tools-for-stm32.9-2020-q2-update.win32_2.0.0.202105311346/tools/bin/../lib/gcc/arm-none-eabi/9.3.1/thumb/v7e-m+fp/hard\libgcc.a(_aeabi_uldivmod.o)
                0x0000000008000c68                __aeabi_uldivmod
 .text          0x0000000008000c98       0x30 c:/st/stm32cubeide_1.7.0/stm32cubeide/plugins/com.st.stm32cube.ide.mcu.externaltools.gnu-tools-for-stm32.9-2020-q2-update.win32_2.0.0.202105311346/tools/bin/../lib/gcc/arm-none-eabi/9.3.1/thumb/v7e-m+fp/hard\libgcc.a(_fixdfdi.o)
                0x0000000008000c98                __fixdfdi
                0x0000000008000c98                __aeabi_d2lz
 .text          0x0000000008000cc8       0x3c c:/st/stm32cubeide_1.7.0/stm32cubeide/plugins/com.st.stm32cube.ide.mcu.externaltools.gnu-tools-for-stm32.9-2020-q2-update.win32_2.0.0.202105311346/tools/bin/../lib/gcc/arm-none-eabi/9.3.1/thumb/v7e-m+fp/hard\libgcc.a(_fixunsdfdi.o)
                0x0000000008000cc8                __fixunsdfdi
                0x0000000008000cc8                __aeabi_d2ulz
 .text          0x0000000008000d04      0x2c4 c:/st/stm32cubeide_1.7.0/stm32cubeide/plugins/com.st.stm32cube.ide.mcu.externaltools.gnu-tools-for-stm32.9-2020-q2-update.win32_2.0.0.202105311346/tools/bin/../lib/gcc/arm-none-eabi/9.3.1/thumb/v7e-m+fp/hard\libgcc.a(_udivmoddi4.o)
                0x0000000008000d04                __udivmoddi4
 .text          0x0000000008000fc8        0x4 c:/st/stm32cubeide_1.7.0/stm32cubeide/plugins/com.st.stm32cube.ide.mcu.externaltools.gnu-tools-for-stm32.9-2020-q2-update.win32_2.0.0.202105311346/tools/bin/../lib/gcc/arm-none-eabi/9.3.1/thumb/v7e-m+fp/hard\libgcc.a(_dvmd_tls.o)
                0x0000000008000fc8                __aeabi_idiv0
                0x0000000008000fc8                __aeabi_ldiv0
 .text          0x0000000008000fcc       0x40 c:/st/stm32cubeide_1.7.0/stm32cubeide/plugins/com.st.stm32cube.ide.mcu.externaltools.gnu-tools-for-stm32.9-2020-q2-update.win32_2.0.0.202105311346/tools/bin/../lib/gcc/arm-none-eabi/9.3.1/thumb/v7e-m+fp/hard\libgcc.a(_arm_fixunsdfsi.o)
                0x0000000008000fcc                __aeabi_d2uiz
                0x0000000008000fcc                __fixunsdfsi
 *(.text*)
 .text._ZNK6tflite15MicroOpResolver6FindOpENS_15BuiltinOperatorEi
                0x000000000800100c        0x6 ./Core/Src/main.o
                0x000000000800100c                tflite::MicroOpResolver::FindOp(tflite::BuiltinOperator, int) const
 .text._ZNK6tflite15MicroOpResolver6FindOpEPKci
                0x0000000008001012        0x6 ./Core/Src/main.o
                0x0000000008001012                tflite::MicroOpResolver::FindOp(char const*, int) const
 .text.__tcf_0  0x0000000008001018        0x2 ./Core/Src/main.o
 .text._ZNK6tflite22MicroMutableOpResolverILj1EE6FindOpENS_15BuiltinOperatorE
                0x000000000800101a       0x16 ./Core/Src/main.o
                0x000000000800101a                tflite::MicroMutableOpResolver<1u>::FindOp(tflite::BuiltinOperator) const
 .text._ZN6tflite22MicroMutableOpResolverILj1EED2Ev
                0x0000000008001030        0x2 ./Core/Src/main.o
                0x0000000008001030                tflite::MicroMutableOpResolver<1u>::~MicroMutableOpResolver()
                0x0000000008001030                tflite::MicroMutableOpResolver<1u>::~MicroMutableOpResolver()
 *fill*         0x0000000008001032        0x2 
 .text.__tcf_2  0x0000000008001034        0xc ./Core/Src/main.o
 .text._ZNK6tflite22MicroMutableOpResolverILj1EE15GetOpDataParserENS_15BuiltinOperatorE
                0x0000000008001040       0x1e ./Core/Src/main.o
                0x0000000008001040                tflite::MicroMutableOpResolver<1u>::GetOpDataParser(tflite::BuiltinOperator) const
 .text._ZNK6tflite22MicroMutableOpResolverILj1EE6FindOpEPKc
                0x000000000800105e       0x36 ./Core/Src/main.o
                0x000000000800105e                tflite::MicroMutableOpResolver<1u>::FindOp(char const*) const
 .text._ZN6tflite22MicroMutableOpResolverILj1EED0Ev
                0x0000000008001094        0xe ./Core/Src/main.o
                0x0000000008001094                tflite::MicroMutableOpResolver<1u>::~MicroMutableOpResolver()
 .text.__tcf_1  0x00000000080010a2        0x2 ./Core/Src/main.o
 .text._Z18SystemClock_Configv
                0x00000000080010a4       0x76 ./Core/Src/main.o
                0x00000000080010a4                SystemClock_Config()
 *fill*         0x000000000800111a        0x2 
 .text.startup.main
                0x000000000800111c      0x340 ./Core/Src/main.o
                0x000000000800111c                main
 .text.DebugLog
                0x000000000800145c       0x20 ./Core/Src/main.o
                0x000000000800145c                DebugLog
 .text.Error_Handler
                0x000000000800147c        0x4 ./Core/Src/main.o
                0x000000000800147c                Error_Handler
 .text.HAL_MspInit
                0x0000000008001480       0x30 ./Core/Src/stm32l4xx_hal_msp.o
                0x0000000008001480                HAL_MspInit
 .text.HAL_TIM_Base_MspInit
                0x00000000080014b0       0x28 ./Core/Src/stm32l4xx_hal_msp.o
                0x00000000080014b0                HAL_TIM_Base_MspInit
 .text.HAL_UART_MspInit
                0x00000000080014d8       0xa0 ./Core/Src/stm32l4xx_hal_msp.o
                0x00000000080014d8                HAL_UART_MspInit
 .text.NMI_Handler
                0x0000000008001578        0x2 ./Core/Src/stm32l4xx_it.o
                0x0000000008001578                NMI_Handler
 .text.HardFault_Handler
                0x000000000800157a        0x2 ./Core/Src/stm32l4xx_it.o
                0x000000000800157a                HardFault_Handler
 .text.MemManage_Handler
                0x000000000800157c        0x2 ./Core/Src/stm32l4xx_it.o
                0x000000000800157c                MemManage_Handler
 .text.BusFault_Handler
                0x000000000800157e        0x2 ./Core/Src/stm32l4xx_it.o
                0x000000000800157e                BusFault_Handler
 .text.UsageFault_Handler
                0x0000000008001580        0x2 ./Core/Src/stm32l4xx_it.o
                0x0000000008001580                UsageFault_Handler
 .text.SVC_Handler
                0x0000000008001582        0x2 ./Core/Src/stm32l4xx_it.o
                0x0000000008001582                SVC_Handler
 .text.DebugMon_Handler
                0x0000000008001584        0x2 ./Core/Src/stm32l4xx_it.o
                0x0000000008001584                DebugMon_Handler
 .text.PendSV_Handler
                0x0000000008001586        0x2 ./Core/Src/stm32l4xx_it.o
                0x0000000008001586                PendSV_Handler
 .text.SysTick_Handler
                0x0000000008001588        0x4 ./Core/Src/stm32l4xx_it.o
                0x0000000008001588                SysTick_Handler
 .text._getpid  0x000000000800158c        0x4 ./Core/Src/syscalls.o
                0x000000000800158c                _getpid
 .text._kill    0x0000000008001590       0x10 ./Core/Src/syscalls.o
                0x0000000008001590                _kill
 .text._exit    0x00000000080015a0        0xc ./Core/Src/syscalls.o
                0x00000000080015a0                _exit
 .text._read    0x00000000080015ac       0x1a ./Core/Src/syscalls.o
                0x00000000080015ac                _read
 .text._write   0x00000000080015c6       0x1a ./Core/Src/syscalls.o
                0x00000000080015c6                _write
 .text._close   0x00000000080015e0        0x6 ./Core/Src/syscalls.o
                0x00000000080015e0                _close
 .text._fstat   0x00000000080015e6        0xa ./Core/Src/syscalls.o
                0x00000000080015e6                _fstat
 .text._isatty  0x00000000080015f0        0x4 ./Core/Src/syscalls.o
                0x00000000080015f0                _isatty
 .text._lseek   0x00000000080015f4        0x4 ./Core/Src/syscalls.o
                0x00000000080015f4                _lseek
 .text._sbrk    0x00000000080015f8       0x40 ./Core/Src/sysmem.o
                0x00000000080015f8                _sbrk
 .text.SystemInit
                0x0000000008001638       0x44 ./Core/Src/system_stm32l4xx.o
                0x0000000008001638                SystemInit
 .text.Reset_Handler
                0x000000000800167c       0x50 ./Core/Startup/startup_stm32l432kcux.o
                0x000000000800167c                Reset_Handler
 .text.Default_Handler
                0x00000000080016cc        0x2 ./Core/Startup/startup_stm32l432kcux.o
                0x00000000080016cc                RTC_Alarm_IRQHandler
                0x00000000080016cc                EXTI2_IRQHandler
                0x00000000080016cc                TIM1_CC_IRQHandler
                0x00000000080016cc                TSC_IRQHandler
                0x00000000080016cc                TAMP_STAMP_IRQHandler
                0x00000000080016cc                EXTI3_IRQHandler
                0x00000000080016cc                LPTIM2_IRQHandler
                0x00000000080016cc                I2C3_ER_IRQHandler
                0x00000000080016cc                EXTI0_IRQHandler
                0x00000000080016cc                CAN1_RX0_IRQHandler
                0x00000000080016cc                FPU_IRQHandler
                0x00000000080016cc                TIM1_UP_TIM16_IRQHandler
                0x00000000080016cc                SPI1_IRQHandler
                0x00000000080016cc                TIM6_DAC_IRQHandler
                0x00000000080016cc                DMA2_Channel2_IRQHandler
                0x00000000080016cc                DMA1_Channel4_IRQHandler
                0x00000000080016cc                ADC1_IRQHandler
                0x00000000080016cc                DMA1_Channel7_IRQHandler
                0x00000000080016cc                CAN1_RX1_IRQHandler
                0x00000000080016cc                DMA2_Channel1_IRQHandler
                0x00000000080016cc                QUADSPI_IRQHandler
                0x00000000080016cc                I2C1_EV_IRQHandler
                0x00000000080016cc                DMA1_Channel6_IRQHandler
                0x00000000080016cc                DMA2_Channel4_IRQHandler
                0x00000000080016cc                RCC_IRQHandler
                0x00000000080016cc                TIM1_TRG_COM_IRQHandler
                0x00000000080016cc                DMA1_Channel1_IRQHandler
                0x00000000080016cc                Default_Handler
                0x00000000080016cc                DMA2_Channel7_IRQHandler
                0x00000000080016cc                EXTI15_10_IRQHandler
                0x00000000080016cc                TIM7_IRQHandler
                0x00000000080016cc                I2C3_EV_IRQHandler
                0x00000000080016cc                USB_IRQHandler
                0x00000000080016cc                EXTI9_5_IRQHandler
                0x00000000080016cc                RTC_WKUP_IRQHandler
                0x00000000080016cc                PVD_PVM_IRQHandler
                0x00000000080016cc                CAN1_TX_IRQHandler
                0x00000000080016cc                DMA2_Channel5_IRQHandler
                0x00000000080016cc                CRS_IRQHandler
                0x00000000080016cc                DMA1_Channel5_IRQHandler
                0x00000000080016cc                EXTI4_IRQHandler
                0x00000000080016cc                RNG_IRQHandler
                0x00000000080016cc                DMA1_Channel3_IRQHandler
                0x00000000080016cc                COMP_IRQHandler
                0x00000000080016cc                WWDG_IRQHandler
                0x00000000080016cc                LPUART1_IRQHandler
                0x00000000080016cc                DMA2_Channel6_IRQHandler
                0x00000000080016cc                TIM2_IRQHandler
                0x00000000080016cc                EXTI1_IRQHandler
                0x00000000080016cc                USART2_IRQHandler
                0x00000000080016cc                DMA1_Channel2_IRQHandler
                0x00000000080016cc                CAN1_SCE_IRQHandler
                0x00000000080016cc                FLASH_IRQHandler
                0x00000000080016cc                USART1_IRQHandler
                0x00000000080016cc                SPI3_IRQHandler
                0x00000000080016cc                I2C1_ER_IRQHandler
                0x00000000080016cc                SWPMI1_IRQHandler
                0x00000000080016cc                LPTIM1_IRQHandler
                0x00000000080016cc                SAI1_IRQHandler
                0x00000000080016cc                DMA2_Channel3_IRQHandler
                0x00000000080016cc                TIM1_BRK_TIM15_IRQHandler
 *fill*         0x00000000080016ce        0x2 
 .text.HAL_InitTick
                0x00000000080016d0       0x4c ./Drivers/STM32L4xx_HAL_Driver/Src/stm32l4xx_hal.o
                0x00000000080016d0                HAL_InitTick
 .text.HAL_Init
                0x000000000800171c       0x1e ./Drivers/STM32L4xx_HAL_Driver/Src/stm32l4xx_hal.o
                0x000000000800171c                HAL_Init
 *fill*         0x000000000800173a        0x2 
 .text.HAL_IncTick
                0x000000000800173c       0x18 ./Drivers/STM32L4xx_HAL_Driver/Src/stm32l4xx_hal.o
                0x000000000800173c                HAL_IncTick
 .text.HAL_GetTick
                0x0000000008001754        0xc ./Drivers/STM32L4xx_HAL_Driver/Src/stm32l4xx_hal.o
                0x0000000008001754                HAL_GetTick
 .text.HAL_Delay
                0x0000000008001760       0x28 ./Drivers/STM32L4xx_HAL_Driver/Src/stm32l4xx_hal.o
                0x0000000008001760                HAL_Delay
 .text.HAL_NVIC_SetPriorityGrouping
                0x0000000008001788       0x24 ./Drivers/STM32L4xx_HAL_Driver/Src/stm32l4xx_hal_cortex.o
                0x0000000008001788                HAL_NVIC_SetPriorityGrouping
 .text.HAL_NVIC_SetPriority
                0x00000000080017ac       0x64 ./Drivers/STM32L4xx_HAL_Driver/Src/stm32l4xx_hal_cortex.o
                0x00000000080017ac                HAL_NVIC_SetPriority
 .text.HAL_SYSTICK_Config
                0x0000000008001810       0x2c ./Drivers/STM32L4xx_HAL_Driver/Src/stm32l4xx_hal_cortex.o
                0x0000000008001810                HAL_SYSTICK_Config
 .text.HAL_GPIO_Init
                0x000000000800183c      0x16c ./Drivers/STM32L4xx_HAL_Driver/Src/stm32l4xx_hal_gpio.o
                0x000000000800183c                HAL_GPIO_Init
 .text.HAL_GPIO_WritePin
                0x00000000080019a8        0xa ./Drivers/STM32L4xx_HAL_Driver/Src/stm32l4xx_hal_gpio.o
                0x00000000080019a8                HAL_GPIO_WritePin
 *fill*         0x00000000080019b2        0x2 
 .text.HAL_PWREx_GetVoltageRange
                0x00000000080019b4       0x10 ./Drivers/STM32L4xx_HAL_Driver/Src/stm32l4xx_hal_pwr_ex.o
                0x00000000080019b4                HAL_PWREx_GetVoltageRange
 .text.HAL_PWREx_ControlVoltageScaling
                0x00000000080019c4       0x6c ./Drivers/STM32L4xx_HAL_Driver/Src/stm32l4xx_hal_pwr_ex.o
                0x00000000080019c4                HAL_PWREx_ControlVoltageScaling
 .text.RCC_SetFlashLatencyFromMSIRange
                0x0000000008001a30       0x84 ./Drivers/STM32L4xx_HAL_Driver/Src/stm32l4xx_hal_rcc.o
 .text.HAL_RCC_GetSysClockFreq
                0x0000000008001ab4       0x9c ./Drivers/STM32L4xx_HAL_Driver/Src/stm32l4xx_hal_rcc.o
                0x0000000008001ab4                HAL_RCC_GetSysClockFreq
 .text.HAL_RCC_OscConfig
                0x0000000008001b50      0x554 ./Drivers/STM32L4xx_HAL_Driver/Src/stm32l4xx_hal_rcc.o
                0x0000000008001b50                HAL_RCC_OscConfig
 .text.HAL_RCC_ClockConfig
                0x00000000080020a4      0x128 ./Drivers/STM32L4xx_HAL_Driver/Src/stm32l4xx_hal_rcc.o
                0x00000000080020a4                HAL_RCC_ClockConfig
 .text.HAL_RCC_GetPCLK1Freq
                0x00000000080021cc       0x24 ./Drivers/STM32L4xx_HAL_Driver/Src/stm32l4xx_hal_rcc.o
                0x00000000080021cc                HAL_RCC_GetPCLK1Freq
 .text.HAL_RCC_GetPCLK2Freq
                0x00000000080021f0       0x24 ./Drivers/STM32L4xx_HAL_Driver/Src/stm32l4xx_hal_rcc.o
                0x00000000080021f0                HAL_RCC_GetPCLK2Freq
 .text.RCCEx_PLLSAI1_Config
                0x0000000008002214      0x114 ./Drivers/STM32L4xx_HAL_Driver/Src/stm32l4xx_hal_rcc_ex.o
 .text.HAL_RCCEx_PeriphCLKConfig
                0x0000000008002328      0x284 ./Drivers/STM32L4xx_HAL_Driver/Src/stm32l4xx_hal_rcc_ex.o
                0x0000000008002328                HAL_RCCEx_PeriphCLKConfig
 .text.HAL_TIM_Base_Start
                0x00000000080025ac       0x4c ./Drivers/STM32L4xx_HAL_Driver/Src/stm32l4xx_hal_tim.o
                0x00000000080025ac                HAL_TIM_Base_Start
 .text.TIM_Base_SetConfig
                0x00000000080025f8       0x74 ./Drivers/STM32L4xx_HAL_Driver/Src/stm32l4xx_hal_tim.o
                0x00000000080025f8                TIM_Base_SetConfig
 .text.HAL_TIM_Base_Init
                0x000000000800266c       0x60 ./Drivers/STM32L4xx_HAL_Driver/Src/stm32l4xx_hal_tim.o
                0x000000000800266c                HAL_TIM_Base_Init
 .text.UART_SetConfig
                0x00000000080026cc      0x1e0 ./Drivers/STM32L4xx_HAL_Driver/Src/stm32l4xx_hal_uart.o
                0x00000000080026cc                UART_SetConfig
 .text.UART_AdvFeatureConfig
                0x00000000080028ac       0xa8 ./Drivers/STM32L4xx_HAL_Driver/Src/stm32l4xx_hal_uart.o
                0x00000000080028ac                UART_AdvFeatureConfig
 .text.UART_WaitOnFlagUntilTimeout
                0x0000000008002954       0x8c ./Drivers/STM32L4xx_HAL_Driver/Src/stm32l4xx_hal_uart.o
                0x0000000008002954                UART_WaitOnFlagUntilTimeout
 .text.HAL_UART_Transmit
                0x00000000080029e0       0xb4 ./Drivers/STM32L4xx_HAL_Driver/Src/stm32l4xx_hal_uart.o
                0x00000000080029e0                HAL_UART_Transmit
 .text.UART_CheckIdleState
                0x0000000008002a94       0x66 ./Drivers/STM32L4xx_HAL_Driver/Src/stm32l4xx_hal_uart.o
                0x0000000008002a94                UART_CheckIdleState
 .text.HAL_UART_Init
                0x0000000008002afa       0x5c ./Drivers/STM32L4xx_HAL_Driver/Src/stm32l4xx_hal_uart.o
                0x0000000008002afa                HAL_UART_Init
 .text.TfLiteIntArrayGetSizeInBytes
                0x0000000008002b56        0x6 ./tensorflow_lite/tensorflow/lite/c/common.o
                0x0000000008002b56                TfLiteIntArrayGetSizeInBytes
 .text.TfLiteTypeGetName
                0x0000000008002b5c       0x18 ./tensorflow_lite/tensorflow/lite/c/common.o
                0x0000000008002b5c                TfLiteTypeGetName
 .text._ZN6tflite13ErrorReporter6ReportEPKcz
                0x0000000008002b74       0x1c ./tensorflow_lite/tensorflow/lite/core/api/error_reporter.o
                0x0000000008002b74                tflite::ErrorReporter::Report(char const*, ...)
 .text._ZN6tflite13ErrorReporter11ReportErrorEPvPKcz
                0x0000000008002b90       0x1c ./tensorflow_lite/tensorflow/lite/core/api/error_reporter.o
                0x0000000008002b90                tflite::ErrorReporter::ReportError(void*, char const*, ...)
 .text._ZN6tflite12_GLOBAL__N_123CheckParsePointerParamsEPKNS_8OperatorEPNS_13ErrorReporterEPNS_20BuiltinDataAllocatorEPPv
                0x0000000008002bac       0x16 ./tensorflow_lite/tensorflow/lite/core/api/flatbuffer_conversions.o
 .text._ZN6tflite12_GLOBAL__N_124SafeBuiltinDataAllocator18BuiltinDataDeleterclEPv.isra.0
                0x0000000008002bc2        0x6 ./tensorflow_lite/tensorflow/lite/core/api/flatbuffer_conversions.o
 .text._ZNK11flatbuffers5Table22GetOptionalFieldOffsetEt
                0x0000000008002bc8       0x10 ./tensorflow_lite/tensorflow/lite/core/api/flatbuffer_conversions.o
                0x0000000008002bc8                flatbuffers::Table::GetOptionalFieldOffset(unsigned short) const
 .text._ZNK6tflite8Operator15builtin_optionsEv
                0x0000000008002bd8       0x14 ./tensorflow_lite/tensorflow/lite/core/api/flatbuffer_conversions.o
                0x0000000008002bd8                tflite::Operator::builtin_options() const
 .text._ZN6tflite17ConvertTensorTypeENS_10TensorTypeEP10TfLiteTypePNS_13ErrorReporterE
                0x0000000008002bec       0x68 ./tensorflow_lite/tensorflow/lite/core/api/flatbuffer_conversions.o
                0x0000000008002bec                tflite::ConvertTensorType(tflite::TensorType, TfLiteType*, tflite::ErrorReporter*)
 .text._ZNK11flatbuffers5Table8GetFieldIhEET_tS2_
                0x0000000008002c54       0x12 ./tensorflow_lite/tensorflow/lite/core/api/flatbuffer_conversions.o
                0x0000000008002c54                unsigned char flatbuffers::Table::GetField<unsigned char>(unsigned short, unsigned char) const
 .text._ZNK6tflite8Operator20builtin_options_typeEv
                0x0000000008002c66        0xc ./tensorflow_lite/tensorflow/lite/core/api/flatbuffer_conversions.o
                0x0000000008002c66                tflite::Operator::builtin_options_type() const
 .text._ZNK11flatbuffers5Table8GetFieldIaEET_tS2_
                0x0000000008002c72       0x12 ./tensorflow_lite/tensorflow/lite/core/api/flatbuffer_conversions.o
                0x0000000008002c72                signed char flatbuffers::Table::GetField<signed char>(unsigned short, signed char) const
 .text._ZN6tflite19ParseFullyConnectedEPKNS_8OperatorEPNS_13ErrorReporterEPNS_20BuiltinDataAllocatorEPPv
                0x0000000008002c84       0xc8 ./tensorflow_lite/tensorflow/lite/core/api/flatbuffer_conversions.o
                0x0000000008002c84                tflite::ParseFullyConnected(tflite::Operator const*, tflite::ErrorReporter*, tflite::BuiltinDataAllocator*, void**)
 .text._ZN6tflite25GetRegistrationFromOpCodeEPKNS_12OperatorCodeERKNS_10OpResolverEPNS_13ErrorReporterEPPK18TfLiteRegistration
                0x0000000008002d4c       0xb0 ./tensorflow_lite/tensorflow/lite/core/api/op_resolver.o
                0x0000000008002d4c                tflite::GetRegistrationFromOpCode(tflite::OperatorCode const*, tflite::OpResolver const&, tflite::ErrorReporter*, TfLiteRegistration const**)
 .text._ZN6tflite18QuantizeMultiplierEdPlPi
                0x0000000008002dfc       0x88 ./tensorflow_lite/tensorflow/lite/kernels/internal/quantization_util.o
                0x0000000008002dfc                tflite::QuantizeMultiplier(double, long*, int*)
 .text._ZZN6tflite12_GLOBAL__N_137CalculateActivationRangeQuantizedImplE21TfLiteFusedActivationllP12TfLiteTensorPlS4_ENKUlfE_clEf
                0x0000000008002e84       0x20 ./tensorflow_lite/tensorflow/lite/kernels/kernel_util.o
 .text._ZN6tflite8GetInputEPK13TfLiteContextPK10TfLiteNodei
                0x0000000008002ea4       0x20 ./tensorflow_lite/tensorflow/lite/kernels/kernel_util.o
                0x0000000008002ea4                tflite::GetInput(TfLiteContext const*, TfLiteNode const*, int)
 .text._ZN6tflite9GetOutputEP13TfLiteContextPK10TfLiteNodei
                0x0000000008002ec4       0x20 ./tensorflow_lite/tensorflow/lite/kernels/kernel_util.o
                0x0000000008002ec4                tflite::GetOutput(TfLiteContext*, TfLiteNode const*, int)
 .text._ZN6tflite22GetOptionalInputTensorEPK13TfLiteContextPK10TfLiteNodei
                0x0000000008002ee4       0x2e ./tensorflow_lite/tensorflow/lite/kernels/kernel_util.o
                0x0000000008002ee4                tflite::GetOptionalInputTensor(TfLiteContext const*, TfLiteNode const*, int)
 *fill*         0x0000000008002f12        0x2 
 .text._ZN6tflite32GetQuantizedConvolutionMultiplerEP13TfLiteContextPK12TfLiteTensorS4_PS2_Pd
                0x0000000008002f14       0x64 ./tensorflow_lite/tensorflow/lite/kernels/kernel_util.o
                0x0000000008002f14                tflite::GetQuantizedConvolutionMultipler(TfLiteContext*, TfLiteTensor const*, TfLiteTensor const*, TfLiteTensor*, double*)
 .text._ZN6tflite32GetQuantizedConvolutionMultiplerEP13TfLiteContextPK12TfLiteTensorS4_S4_PS2_Pd
                0x0000000008002f78       0xac ./tensorflow_lite/tensorflow/lite/kernels/kernel_util.o
                0x0000000008002f78                tflite::GetQuantizedConvolutionMultipler(TfLiteContext*, TfLiteTensor const*, TfLiteTensor const*, TfLiteTensor const*, TfLiteTensor*, double*)
 .text._ZN6tflite33CalculateActivationRangeQuantizedEP13TfLiteContext21TfLiteFusedActivationP12TfLiteTensorPlS5_
                0x0000000008003024       0xc4 ./tensorflow_lite/tensorflow/lite/kernels/kernel_util.o
                0x0000000008003024                tflite::CalculateActivationRangeQuantized(TfLiteContext*, TfLiteFusedActivation, TfLiteTensor*, long*, long*)
 .text._ZN6tflite14AlignPointerUpEPhj
                0x00000000080030e8        0xe ./tensorflow_lite/tensorflow/lite/micro/memory_helpers.o
                0x00000000080030e8                tflite::AlignPointerUp(unsigned char*, unsigned int)
 .text._ZN6tflite16AlignPointerDownEPhj
                0x00000000080030f6        0x8 ./tensorflow_lite/tensorflow/lite/micro/memory_helpers.o
                0x00000000080030f6                tflite::AlignPointerDown(unsigned char*, unsigned int)
 .text._ZN6tflite11AlignSizeUpEjj
                0x00000000080030fe        0xe ./tensorflow_lite/tensorflow/lite/micro/memory_helpers.o
                0x00000000080030fe                tflite::AlignSizeUp(unsigned int, unsigned int)
 .text._ZN6tflite16TfLiteTypeSizeOfE10TfLiteTypePj
                0x000000000800310c       0x32 ./tensorflow_lite/tensorflow/lite/micro/memory_helpers.o
                0x000000000800310c                tflite::TfLiteTypeSizeOf(TfLiteType, unsigned int*)
 .text._ZN6tflite22BytesRequiredForTensorERKNS_6TensorEPjS3_PNS_13ErrorReporterE
                0x000000000800313e       0x72 ./tensorflow_lite/tensorflow/lite/micro/memory_helpers.o
                0x000000000800313e                tflite::BytesRequiredForTensor(tflite::Tensor const&, unsigned int*, unsigned int*, tflite::ErrorReporter*)
 .text._ZN6tflite26TfLiteEvalTensorByteLengthEPK16TfLiteEvalTensorPj
                0x00000000080031b0       0x3a ./tensorflow_lite/tensorflow/lite/micro/memory_helpers.o
                0x00000000080031b0                tflite::TfLiteEvalTensorByteLength(TfLiteEvalTensor const*, unsigned int*)
 .text._ZN6tflite12_GLOBAL__N_125MicroBuiltinDataAllocator8AllocateEjj
                0x00000000080031ea        0x8 ./tensorflow_lite/tensorflow/lite/micro/micro_allocator.o
 .text._ZN6tflite12_GLOBAL__N_125MicroBuiltinDataAllocator10DeallocateEPv
                0x00000000080031f2        0x2 ./tensorflow_lite/tensorflow/lite/micro/micro_allocator.o
 .text._ZN6tflite14MicroAllocatorD2Ev
                0x00000000080031f4        0x2 ./tensorflow_lite/tensorflow/lite/micro/micro_allocator.o
                0x00000000080031f4                tflite::MicroAllocator::~MicroAllocator()
                0x00000000080031f4                tflite::MicroAllocator::~MicroAllocator()
 .text._ZN6tflite14MicroAllocator20ResetTempAllocationsEv
                0x00000000080031f6        0x8 ./tensorflow_lite/tensorflow/lite/micro/micro_allocator.o
                0x00000000080031f6                tflite::MicroAllocator::ResetTempAllocations()
 .text._ZN6tflite14MicroAllocator38AllocatePersistentTfLiteTensorInternalEPKNS_5ModelEP16TfLiteEvalTensori
                0x00000000080031fe        0xc ./tensorflow_lite/tensorflow/lite/micro/micro_allocator.o
                0x00000000080031fe                tflite::MicroAllocator::AllocatePersistentTfLiteTensorInternal(tflite::Model const*, TfLiteEvalTensor*, int)
 .text._ZN6tflite12_GLOBAL__N_125MicroBuiltinDataAllocatorD2Ev
                0x000000000800320a        0x2 ./tensorflow_lite/tensorflow/lite/micro/micro_allocator.o
 .text._ZN6tflite14MicroAllocatorD0Ev
                0x000000000800320c        0xe ./tensorflow_lite/tensorflow/lite/micro/micro_allocator.o
                0x000000000800320c                tflite::MicroAllocator::~MicroAllocator()
 .text._ZN6tflite12_GLOBAL__N_125MicroBuiltinDataAllocatorD0Ev
                0x000000000800321a        0xe ./tensorflow_lite/tensorflow/lite/micro/micro_allocator.o
 .text._ZNK6tflite22QuantizationParameters5scaleEv
                0x0000000008003228       0x14 ./tensorflow_lite/tensorflow/lite/micro/micro_allocator.o
                0x0000000008003228                tflite::QuantizationParameters::scale() const
 .text._ZNK6tflite22QuantizationParameters10zero_pointEv
                0x000000000800323c       0x14 ./tensorflow_lite/tensorflow/lite/micro/micro_allocator.o
                0x000000000800323c                tflite::QuantizationParameters::zero_point() const
 .text._ZNK6tflite6Tensor4typeEv
                0x0000000008003250       0x12 ./tensorflow_lite/tensorflow/lite/micro/micro_allocator.o
                0x0000000008003250                tflite::Tensor::type() const
 .text._ZNK6tflite6Tensor11is_variableEv
                0x0000000008003262       0x16 ./tensorflow_lite/tensorflow/lite/micro/micro_allocator.o
                0x0000000008003262                tflite::Tensor::is_variable() const
 .text._ZN6tflite14MicroAllocator6CreateEPNS_21SimpleMemoryAllocatorEPNS_13ErrorReporterE
                0x0000000008003278       0x30 ./tensorflow_lite/tensorflow/lite/micro/micro_allocator.o
                0x0000000008003278                tflite::MicroAllocator::Create(tflite::SimpleMemoryAllocator*, tflite::ErrorReporter*)
 .text._ZN6tflite14MicroAllocator6CreateEPhjPNS_13ErrorReporterE
                0x00000000080032a8       0x38 ./tensorflow_lite/tensorflow/lite/micro/micro_allocator.o
                0x00000000080032a8                tflite::MicroAllocator::Create(unsigned char*, unsigned int, tflite::ErrorReporter*)
 .text._ZN6tflite14MicroAllocator20StartModelAllocationEPKNS_5ModelERKNS_15MicroOpResolverEPPNS_19NodeAndRegistrationEPP16TfLiteEvalTensor
                0x00000000080032e0       0x5c ./tensorflow_lite/tensorflow/lite/micro/micro_allocator.o
                0x00000000080032e0                tflite::MicroAllocator::StartModelAllocation(tflite::Model const*, tflite::MicroOpResolver const&, tflite::NodeAndRegistration**, TfLiteEvalTensor**)
 .text._ZN6tflite14MicroAllocator24AllocatePersistentBufferEj
                0x000000000800333c        0xa ./tensorflow_lite/tensorflow/lite/micro/micro_allocator.o
                0x000000000800333c                tflite::MicroAllocator::AllocatePersistentBuffer(unsigned int)
 *fill*         0x0000000008003346        0x2 
 .text._ZN6tflite14MicroAllocator27RequestScratchBufferInArenaEijPi
                0x0000000008003348       0x64 ./tensorflow_lite/tensorflow/lite/micro/micro_allocator.o
                0x0000000008003348                tflite::MicroAllocator::RequestScratchBufferInArena(int, unsigned int, int*)
 .text._ZNK6tflite14MicroAllocator16GetScratchBufferEi
                0x00000000080033ac       0x2c ./tensorflow_lite/tensorflow/lite/micro/micro_allocator.o
                0x00000000080033ac                tflite::MicroAllocator::GetScratchBuffer(int) const
 .text._ZN6tflite14MicroAllocator20GetSubGraphFromModelEPKNS_5ModelE
                0x00000000080033d8       0x38 ./tensorflow_lite/tensorflow/lite/micro/micro_allocator.o
                0x00000000080033d8                tflite::MicroAllocator::GetSubGraphFromModel(tflite::Model const*)
 .text._ZN6tflite14MicroAllocator21FinishModelAllocationEPKNS_5ModelEP16TfLiteEvalTensor
                0x0000000008003410       0x54 ./tensorflow_lite/tensorflow/lite/micro/micro_allocator.o
                0x0000000008003410                tflite::MicroAllocator::FinishModelAllocation(tflite::Model const*, TfLiteEvalTensor*)
 .text._ZN6tflite14MicroAllocator30AllocatePersistentTfLiteTensorEPKNS_5ModelEP16TfLiteEvalTensori
                0x0000000008003464       0x68 ./tensorflow_lite/tensorflow/lite/micro/micro_allocator.o
                0x0000000008003464                tflite::MicroAllocator::AllocatePersistentTfLiteTensor(tflite::Model const*, TfLiteEvalTensor*, int)
 .text._ZN6tflite14MicroAllocator24AllocateTempTfLiteTensorEPKNS_5ModelEP16TfLiteEvalTensori
                0x00000000080034cc       0x64 ./tensorflow_lite/tensorflow/lite/micro/micro_allocator.o
                0x00000000080034cc                tflite::MicroAllocator::AllocateTempTfLiteTensor(tflite::Model const*, TfLiteEvalTensor*, int)
 .text._ZNK11flatbuffers6VectorIxE3GetEm
                0x0000000008003530       0x2c ./tensorflow_lite/tensorflow/lite/micro/micro_allocator.o
                0x0000000008003530                flatbuffers::Vector<long long>::Get(unsigned long) const
 .text._ZNK11flatbuffers6VectorIlE3GetEm
                0x000000000800355c       0x2c ./tensorflow_lite/tensorflow/lite/micro/micro_allocator.o
                0x000000000800355c                flatbuffers::Vector<long>::Get(unsigned long) const
 .text._ZNK11flatbuffers6VectorINS_6OffsetIN6tflite6TensorEEEE3GetEm
                0x0000000008003588       0x30 ./tensorflow_lite/tensorflow/lite/micro/micro_allocator.o
                0x0000000008003588                flatbuffers::Vector<flatbuffers::Offset<tflite::Tensor> >::Get(unsigned long) const
 .text._ZNK11flatbuffers6VectorINS_6OffsetIN6tflite8OperatorEEEE3GetEm
                0x00000000080035b8       0x30 ./tensorflow_lite/tensorflow/lite/micro/micro_allocator.o
                0x00000000080035b8                flatbuffers::Vector<flatbuffers::Offset<tflite::Operator> >::Get(unsigned long) const
 .text._ZNK11flatbuffers6VectorINS_6OffsetIN6tflite6BufferEEEE3GetEm
                0x00000000080035e8       0x30 ./tensorflow_lite/tensorflow/lite/micro/micro_allocator.o
                0x00000000080035e8                flatbuffers::Vector<flatbuffers::Offset<tflite::Buffer> >::Get(unsigned long) const
 .text._ZN11flatbuffers5Table10GetPointerIPKNS_6VectorIhEEEET_t
                0x0000000008003618       0x12 ./tensorflow_lite/tensorflow/lite/micro/micro_allocator.o
                0x0000000008003618                flatbuffers::Vector<unsigned char> const* flatbuffers::Table::GetPointer<flatbuffers::Vector<unsigned char> const*>(unsigned short)
 .text._ZN6tflite8internal25GetFlatbufferTensorBufferERKNS_6TensorEPKN11flatbuffers6VectorINS4_6OffsetINS_6BufferEEEEE
                0x000000000800362a       0x36 ./tensorflow_lite/tensorflow/lite/micro/micro_allocator.o
                0x000000000800362a                tflite::internal::GetFlatbufferTensorBuffer(tflite::Tensor const&, flatbuffers::Vector<flatbuffers::Offset<tflite::Buffer> > const*)
 .text._ZN11flatbuffers5Table10GetPointerIPKNS_6VectorIlEEEET_t
                0x0000000008003660       0x12 ./tensorflow_lite/tensorflow/lite/micro/micro_allocator.o
                0x0000000008003660                flatbuffers::Vector<long> const* flatbuffers::Table::GetPointer<flatbuffers::Vector<long> const*>(unsigned short)
 *fill*         0x0000000008003672        0x2 
 .text._ZN6tflite8internal36InitializeTfLiteTensorFromFlatbufferEPNS_21SimpleMemoryAllocatorEbRKNS_6TensorEPKN11flatbuffers6VectorINS6_6OffsetINS_6BufferEEEEEPNS_13ErrorReporterEP12TfLiteTensor
                0x0000000008003674      0x184 ./tensorflow_lite/tensorflow/lite/micro/micro_allocator.o
                0x0000000008003674                tflite::internal::InitializeTfLiteTensorFromFlatbuffer(tflite::SimpleMemoryAllocator*, bool, tflite::Tensor const&, flatbuffers::Vector<flatbuffers::Offset<tflite::Buffer> > const*, tflite::ErrorReporter*, TfLiteTensor*)
 .text._ZN6tflite8internal40InitializeTfLiteEvalTensorFromFlatbufferEPNS_21SimpleMemoryAllocatorERKNS_6TensorEPKN11flatbuffers6VectorINS6_6OffsetINS_6BufferEEEEEPNS_13ErrorReporterEP16TfLiteEvalTensor
                0x00000000080037f8       0x58 ./tensorflow_lite/tensorflow/lite/micro/micro_allocator.o
                0x00000000080037f8                tflite::internal::InitializeTfLiteEvalTensorFromFlatbuffer(tflite::SimpleMemoryAllocator*, tflite::Tensor const&, flatbuffers::Vector<flatbuffers::Offset<tflite::Buffer> > const*, tflite::ErrorReporter*, TfLiteEvalTensor*)
 .text._ZN11flatbuffers5Table10GetPointerIPKNS_6VectorINS_6OffsetIN6tflite6TensorEEEEEEET_t
                0x0000000008003850       0x12 ./tensorflow_lite/tensorflow/lite/micro/micro_allocator.o
                0x0000000008003850                flatbuffers::Vector<flatbuffers::Offset<tflite::Tensor> > const* flatbuffers::Table::GetPointer<flatbuffers::Vector<flatbuffers::Offset<tflite::Tensor> > const*>(unsigned short)
 *fill*         0x0000000008003862        0x2 
 .text._ZN6tflite14MicroAllocator17AllocateVariablesEPKNS_8SubGraphEP16TfLiteEvalTensor
                0x0000000008003864       0x6c ./tensorflow_lite/tensorflow/lite/micro/micro_allocator.o
                0x0000000008003864                tflite::MicroAllocator::AllocateVariables(tflite::SubGraph const*, TfLiteEvalTensor*)
 .text._ZN11flatbuffers5Table10GetPointerIPKNS_6VectorINS_6OffsetIN6tflite8OperatorEEEEEEET_t
                0x00000000080038d0       0x12 ./tensorflow_lite/tensorflow/lite/micro/micro_allocator.o
                0x00000000080038d0                flatbuffers::Vector<flatbuffers::Offset<tflite::Operator> > const* flatbuffers::Table::GetPointer<flatbuffers::Vector<flatbuffers::Offset<tflite::Operator> > const*>(unsigned short)
 *fill*         0x00000000080038e2        0x2 
 .text._ZN6tflite14MicroAllocator44PrepareNodeAndRegistrationDataFromFlatbufferEPKNS_5ModelERKNS_15MicroOpResolverEPNS_19NodeAndRegistrationE
                0x00000000080038e4      0x1d4 ./tensorflow_lite/tensorflow/lite/micro/micro_allocator.o
                0x00000000080038e4                tflite::MicroAllocator::PrepareNodeAndRegistrationDataFromFlatbuffer(tflite::Model const*, tflite::MicroOpResolver const&, tflite::NodeAndRegistration*)
 .text._ZN6tflite14MicroAllocator28AllocateNodeAndRegistrationsEPKNS_5ModelEPPNS_19NodeAndRegistrationE
                0x0000000008003ab8       0x44 ./tensorflow_lite/tensorflow/lite/micro/micro_allocator.o
                0x0000000008003ab8                tflite::MicroAllocator::AllocateNodeAndRegistrations(tflite::Model const*, tflite::NodeAndRegistration**)
 .text._ZN11flatbuffers5Table10GetPointerIPKNS_6VectorINS_6OffsetIN6tflite6BufferEEEEEEET_t
                0x0000000008003afc       0x12 ./tensorflow_lite/tensorflow/lite/micro/micro_allocator.o
                0x0000000008003afc                flatbuffers::Vector<flatbuffers::Offset<tflite::Buffer> > const* flatbuffers::Table::GetPointer<flatbuffers::Vector<flatbuffers::Offset<tflite::Buffer> > const*>(unsigned short)
 .text._ZN6tflite14MicroAllocator34PopulateTfLiteTensorFromFlatbufferEPKNS_5ModelEPKNS_8SubGraphEP12TfLiteTensorib
                0x0000000008003b0e       0x3c ./tensorflow_lite/tensorflow/lite/micro/micro_allocator.o
                0x0000000008003b0e                tflite::MicroAllocator::PopulateTfLiteTensorFromFlatbuffer(tflite::Model const*, tflite::SubGraph const*, TfLiteTensor*, int, bool)
 *fill*         0x0000000008003b4a        0x2 
 .text._ZN6tflite14MicroAllocator25AllocateTfLiteEvalTensorsEPKNS_5ModelEPP16TfLiteEvalTensor
                0x0000000008003b4c       0xa0 ./tensorflow_lite/tensorflow/lite/micro/micro_allocator.o
                0x0000000008003b4c                tflite::MicroAllocator::AllocateTfLiteEvalTensors(tflite::Model const*, TfLiteEvalTensor**)
 .text._ZN6tflite14MicroAllocator22CommitStaticMemoryPlanEPKNS_5ModelEPKNS_8SubGraphEP16TfLiteEvalTensor
                0x0000000008003bec      0x45c ./tensorflow_lite/tensorflow/lite/micro/micro_allocator.o
                0x0000000008003bec                tflite::MicroAllocator::CommitStaticMemoryPlan(tflite::Model const*, tflite::SubGraph const*, TfLiteEvalTensor*)
 .text._ZN6tflite18MicroErrorReporterD2Ev
                0x0000000008004048        0x2 ./tensorflow_lite/tensorflow/lite/micro/micro_error_reporter.o
                0x0000000008004048                tflite::MicroErrorReporter::~MicroErrorReporter()
                0x0000000008004048                tflite::MicroErrorReporter::~MicroErrorReporter()
 *fill*         0x000000000800404a        0x2 
 .text._ZN6tflite18MicroErrorReporter6ReportEPKcSt9__va_list
                0x000000000800404c       0x2c ./tensorflow_lite/tensorflow/lite/micro/micro_error_reporter.o
                0x000000000800404c                tflite::MicroErrorReporter::Report(char const*, std::__va_list)
 .text._ZN6tflite18MicroErrorReporterD0Ev
                0x0000000008004078        0xe ./tensorflow_lite/tensorflow/lite/micro/micro_error_reporter.o
                0x0000000008004078                tflite::MicroErrorReporter::~MicroErrorReporter()
 *fill*         0x0000000008004086        0x2 
 .text._ZN6tflite12_GLOBAL__N_122OpNameFromRegistrationEPK18TfLiteRegistration
                0x0000000008004088       0x24 ./tensorflow_lite/tensorflow/lite/micro/micro_interpreter.o
 .text._ZN6tflite8internal13ContextHelper9GetTensorEPK13TfLiteContexti
                0x00000000080040ac       0x16 ./tensorflow_lite/tensorflow/lite/micro/micro_interpreter.o
                0x00000000080040ac                tflite::internal::ContextHelper::GetTensor(TfLiteContext const*, int)
 .text._ZN6tflite8internal13ContextHelper13GetEvalTensorEPK13TfLiteContexti
                0x00000000080040c2        0xc ./tensorflow_lite/tensorflow/lite/micro/micro_interpreter.o
                0x00000000080040c2                tflite::internal::ContextHelper::GetEvalTensor(TfLiteContext const*, int)
 .text._ZN6tflite8internal13ContextHelper24AllocatePersistentBufferEP13TfLiteContextj
                0x00000000080040ce        0x8 ./tensorflow_lite/tensorflow/lite/micro/micro_interpreter.o
                0x00000000080040ce                tflite::internal::ContextHelper::AllocatePersistentBuffer(TfLiteContext*, unsigned int)
 .text._ZN6tflite8internal13ContextHelper27RequestScratchBufferInArenaEP13TfLiteContextjPi
                0x00000000080040d6        0xe ./tensorflow_lite/tensorflow/lite/micro/micro_interpreter.o
                0x00000000080040d6                tflite::internal::ContextHelper::RequestScratchBufferInArena(TfLiteContext*, unsigned int, int*)
 .text._ZN6tflite8internal13ContextHelper16GetScratchBufferEP13TfLiteContexti
                0x00000000080040e4        0x8 ./tensorflow_lite/tensorflow/lite/micro/micro_interpreter.o
                0x00000000080040e4                tflite::internal::ContextHelper::GetScratchBuffer(TfLiteContext*, int)
 .text._ZN6tflite8internal13ContextHelper13ReportOpErrorEP13TfLiteContextPKcz
                0x00000000080040ec       0x20 ./tensorflow_lite/tensorflow/lite/micro/micro_interpreter.o
                0x00000000080040ec                tflite::internal::ContextHelper::ReportOpError(TfLiteContext*, char const*, ...)
 .text._ZN6tflite13ScopedProfileD2Ev
                0x000000000800410c       0x14 ./tensorflow_lite/tensorflow/lite/micro/micro_interpreter.o
                0x000000000800410c                tflite::ScopedProfile::~ScopedProfile()
                0x000000000800410c                tflite::ScopedProfile::~ScopedProfile()
 .text._ZN6tflite16MicroInterpreter4InitEPNS_8ProfilerE
                0x0000000008004120       0x64 ./tensorflow_lite/tensorflow/lite/micro/micro_interpreter.o
                0x0000000008004120                tflite::MicroInterpreter::Init(tflite::Profiler*)
 .text._ZN6tflite16MicroInterpreterC2EPKNS_5ModelERKNS_15MicroOpResolverEPhjPNS_13ErrorReporterEPNS_8ProfilerE
                0x0000000008004184       0x5c ./tensorflow_lite/tensorflow/lite/micro/micro_interpreter.o
                0x0000000008004184                tflite::MicroInterpreter::MicroInterpreter(tflite::Model const*, tflite::MicroOpResolver const&, unsigned char*, unsigned int, tflite::ErrorReporter*, tflite::Profiler*)
                0x0000000008004184                tflite::MicroInterpreter::MicroInterpreter(tflite::Model const*, tflite::MicroOpResolver const&, unsigned char*, unsigned int, tflite::ErrorReporter*, tflite::Profiler*)
 .text._ZN6tflite16MicroInterpreter20ResetVariableTensorsEv
                0x00000000080041e0       0xd0 ./tensorflow_lite/tensorflow/lite/micro/micro_interpreter.o
                0x00000000080041e0                tflite::MicroInterpreter::ResetVariableTensors()
 .text._ZN6tflite16MicroInterpreter5inputEj
                0x00000000080042b0       0x7c ./tensorflow_lite/tensorflow/lite/micro/micro_interpreter.o
                0x00000000080042b0                tflite::MicroInterpreter::input(unsigned int)
 .text._ZN6tflite16MicroInterpreter6outputEj
                0x000000000800432c       0x7c ./tensorflow_lite/tensorflow/lite/micro/micro_interpreter.o
                0x000000000800432c                tflite::MicroInterpreter::output(unsigned int)
 .text._ZN6tflite16MicroInterpreterD2Ev
                0x00000000080043a8       0x3a ./tensorflow_lite/tensorflow/lite/micro/micro_interpreter.o
                0x00000000080043a8                tflite::MicroInterpreter::~MicroInterpreter()
                0x00000000080043a8                tflite::MicroInterpreter::~MicroInterpreter()
 *fill*         0x00000000080043e2        0x2 
 .text._ZN6tflite16MicroInterpreter15AllocateTensorsEv
                0x00000000080043e4      0x120 ./tensorflow_lite/tensorflow/lite/micro/micro_interpreter.o
                0x00000000080043e4                tflite::MicroInterpreter::AllocateTensors()
 .text._ZN6tflite16MicroInterpreter6InvokeEv
                0x0000000008004504       0xdc ./tensorflow_lite/tensorflow/lite/micro/micro_interpreter.o
                0x0000000008004504                tflite::MicroInterpreter::Invoke()
 .text._ZN12_GLOBAL__N_19StrCatStrEPciPKc
                0x00000000080045e0       0x2c ./tensorflow_lite/tensorflow/lite/micro/micro_string.o
 .text._ZN12_GLOBAL__N_122FastUInt32ToBufferLeftEmPci
                0x000000000800460c       0x42 ./tensorflow_lite/tensorflow/lite/micro/micro_string.o
 *fill*         0x000000000800464e        0x2 
 .text.MicroVsnprintf
                0x0000000008004650      0x26c ./tensorflow_lite/tensorflow/lite/micro/micro_string.o
                0x0000000008004650                MicroVsnprintf
 .text._ZN6tflite21SimpleMemoryAllocatorD2Ev
                0x00000000080048bc        0x2 ./tensorflow_lite/tensorflow/lite/micro/simple_memory_allocator.o
                0x00000000080048bc                tflite::SimpleMemoryAllocator::~SimpleMemoryAllocator()
                0x00000000080048bc                tflite::SimpleMemoryAllocator::~SimpleMemoryAllocator()
 .text._ZN6tflite21SimpleMemoryAllocator20ResetTempAllocationsEv
                0x00000000080048be        0x6 ./tensorflow_lite/tensorflow/lite/micro/simple_memory_allocator.o
                0x00000000080048be                tflite::SimpleMemoryAllocator::ResetTempAllocations()
 .text._ZN6tflite21SimpleMemoryAllocatorD0Ev
                0x00000000080048c4        0xe ./tensorflow_lite/tensorflow/lite/micro/simple_memory_allocator.o
                0x00000000080048c4                tflite::SimpleMemoryAllocator::~SimpleMemoryAllocator()
 *fill*         0x00000000080048d2        0x2 
 .text._ZN6tflite21SimpleMemoryAllocator16AllocateFromTailEjj
                0x00000000080048d4       0x34 ./tensorflow_lite/tensorflow/lite/micro/simple_memory_allocator.o
                0x00000000080048d4                tflite::SimpleMemoryAllocator::AllocateFromTail(unsigned int, unsigned int)
 .text._ZN6tflite21SimpleMemoryAllocator12AllocateTempEjj
                0x0000000008004908       0x34 ./tensorflow_lite/tensorflow/lite/micro/simple_memory_allocator.o
                0x0000000008004908                tflite::SimpleMemoryAllocator::AllocateTemp(unsigned int, unsigned int)
 .text._ZN6tflite21SimpleMemoryAllocator16AllocateFromHeadEjj
                0x000000000800493c       0x28 ./tensorflow_lite/tensorflow/lite/micro/simple_memory_allocator.o
                0x000000000800493c                tflite::SimpleMemoryAllocator::AllocateFromHead(unsigned int, unsigned int)
 .text._ZN6tflite21SimpleMemoryAllocatorC2EPNS_13ErrorReporterEPhS3_
                0x0000000008004964       0x18 ./tensorflow_lite/tensorflow/lite/micro/simple_memory_allocator.o
                0x0000000008004964                tflite::SimpleMemoryAllocator::SimpleMemoryAllocator(tflite::ErrorReporter*, unsigned char*, unsigned char*)
                0x0000000008004964                tflite::SimpleMemoryAllocator::SimpleMemoryAllocator(tflite::ErrorReporter*, unsigned char*, unsigned char*)
 .text._ZN6tflite21SimpleMemoryAllocator6CreateEPNS_13ErrorReporterEPhj
                0x000000000800497c       0x50 ./tensorflow_lite/tensorflow/lite/micro/simple_memory_allocator.o
                0x000000000800497c                tflite::SimpleMemoryAllocator::Create(tflite::ErrorReporter*, unsigned char*, unsigned int)
 .text._ZNK6tflite21SimpleMemoryAllocator7GetHeadEv
                0x00000000080049cc        0x4 ./tensorflow_lite/tensorflow/lite/micro/simple_memory_allocator.o
                0x00000000080049cc                tflite::SimpleMemoryAllocator::GetHead() const
 .text._ZNK6tflite21SimpleMemoryAllocator7GetTailEv
                0x00000000080049d0        0x4 ./tensorflow_lite/tensorflow/lite/micro/simple_memory_allocator.o
                0x00000000080049d0                tflite::SimpleMemoryAllocator::GetTail() const
 .text._ZNK6tflite21SimpleMemoryAllocator18GetAvailableMemoryEv
                0x00000000080049d4        0x8 ./tensorflow_lite/tensorflow/lite/micro/simple_memory_allocator.o
                0x00000000080049d4                tflite::SimpleMemoryAllocator::GetAvailableMemory() const
 .text._ZN6tflite12RuntimeShapeD2Ev
                0x00000000080049dc       0x16 ./tensorflow_lite/tensorflow/lite/micro/kernels/activations.o
                0x00000000080049dc                tflite::RuntimeShape::~RuntimeShape()
                0x00000000080049dc                tflite::RuntimeShape::~RuntimeShape()
 .text._ZNK6tflite12RuntimeShape4DimsEi
                0x00000000080049f2       0x22 ./tensorflow_lite/tensorflow/lite/micro/kernels/activations.o
                0x00000000080049f2                tflite::RuntimeShape::Dims(int) const
 .text._ZN6tflite29MultiplyByQuantizedMultiplierElli
                0x0000000008004a14       0xa0 ./tensorflow_lite/tensorflow/lite/micro/kernels/activations.o
                0x0000000008004a14                tflite::MultiplyByQuantizedMultiplier(long, long, int)
 .text._ZN6tflite11MatchingDimERKNS_12RuntimeShapeEiS2_i
                0x0000000008004ab4       0x1e ./tensorflow_lite/tensorflow/lite/micro/kernels/concatenation.o
                0x0000000008004ab4                tflite::MatchingDim(tflite::RuntimeShape const&, int, tflite::RuntimeShape const&, int)
 .text._ZN6tflite3ops5micro15fully_connected4InitEP13TfLiteContextPKcj
                0x0000000008004ad2       0x12 ./tensorflow_lite/tensorflow/lite/micro/kernels/fully_connected.o
                0x0000000008004ad2                tflite::ops::micro::fully_connected::Init(TfLiteContext*, char const*, unsigned int)
 .text._ZN6tflite3ops5micro15fully_connected7PrepareEP13TfLiteContextP10TfLiteNode
                0x0000000008004ae4      0x108 ./tensorflow_lite/tensorflow/lite/micro/kernels/fully_connected.o
                0x0000000008004ae4                tflite::ops::micro::fully_connected::Prepare(TfLiteContext*, TfLiteNode*)
 .text._ZN6tflite15FlatSizeSkipDimERKNS_12RuntimeShapeEi
                0x0000000008004bec       0x36 ./tensorflow_lite/tensorflow/lite/micro/kernels/fully_connected.o
                0x0000000008004bec                tflite::FlatSizeSkipDim(tflite::RuntimeShape const&, int)
 .text._ZN6tflite13reference_ops14FullyConnectedERKNS_20FullyConnectedParamsERKNS_12RuntimeShapeEPKhS6_S8_S6_PKlS6_Ph
                0x0000000008004c22      0x106 ./tensorflow_lite/tensorflow/lite/micro/kernels/fully_connected.o
                0x0000000008004c22                tflite::reference_ops::FullyConnected(tflite::FullyConnectedParams const&, tflite::RuntimeShape const&, unsigned char const*, tflite::RuntimeShape const&, unsigned char const*, tflite::RuntimeShape const&, long const*, tflite::RuntimeShape const&, unsigned char*)
 .text._ZN6tflite21reference_integer_ops14FullyConnectedERKNS_20FullyConnectedParamsERKNS_12RuntimeShapeEPKaS6_S8_S6_PKlS6_Pa
                0x0000000008004d28      0x10a ./tensorflow_lite/tensorflow/lite/micro/kernels/fully_connected.o
                0x0000000008004d28                tflite::reference_integer_ops::FullyConnected(tflite::FullyConnectedParams const&, tflite::RuntimeShape const&, signed char const*, tflite::RuntimeShape const&, signed char const*, tflite::RuntimeShape const&, long const*, tflite::RuntimeShape const&, signed char*)
 *fill*         0x0000000008004e32        0x2 
 .text._ZN6tflite3ops5micro15fully_connected9EvalFloatEP13TfLiteContextP10TfLiteNode21TfLiteFusedActivationPK16TfLiteEvalTensorSA_SA_PS8_
                0x0000000008004e34      0x16c ./tensorflow_lite/tensorflow/lite/micro/kernels/fully_connected.o
                0x0000000008004e34                tflite::ops::micro::fully_connected::EvalFloat(TfLiteContext*, TfLiteNode*, TfLiteFusedActivation, TfLiteEvalTensor const*, TfLiteEvalTensor const*, TfLiteEvalTensor const*, TfLiteEvalTensor*)
 .text._ZN6tflite3ops5micro15fully_connected4EvalEP13TfLiteContextP10TfLiteNode
                0x0000000008004fa0      0x2fc ./tensorflow_lite/tensorflow/lite/micro/kernels/fully_connected.o
                0x0000000008004fa0                tflite::ops::micro::fully_connected::Eval(TfLiteContext*, TfLiteNode*)
 .text._ZN6tflite3ops5micro24Register_FULLY_CONNECTEDEv
                0x000000000800529c       0x1c ./tensorflow_lite/tensorflow/lite/micro/kernels/fully_connected.o
                0x000000000800529c                tflite::ops::micro::Register_FULLY_CONNECTED()
 .text._ZN6tflite5micro12GetEvalInputEPK13TfLiteContextPK10TfLiteNodei
                0x00000000080052b8       0x1c ./tensorflow_lite/tensorflow/lite/micro/kernels/kernel_util.o
                0x00000000080052b8                tflite::micro::GetEvalInput(TfLiteContext const*, TfLiteNode const*, int)
 .text._ZN6tflite5micro13GetEvalOutputEPK13TfLiteContextPK10TfLiteNodei
                0x00000000080052d4       0x1c ./tensorflow_lite/tensorflow/lite/micro/kernels/kernel_util.o
                0x00000000080052d4                tflite::micro::GetEvalOutput(TfLiteContext const*, TfLiteNode const*, int)
 .text._ZN6tflite5micro14GetTensorShapeEPK16TfLiteEvalTensor
                0x00000000080052f0       0x44 ./tensorflow_lite/tensorflow/lite/micro/kernels/kernel_util.o
                0x00000000080052f0                tflite::micro::GetTensorShape(TfLiteEvalTensor const*)
 .text._ZN6tflite19GreedyMemoryPlannerD2Ev
                0x0000000008005334        0x2 ./tensorflow_lite/tensorflow/lite/micro/memory_planner/greedy_memory_planner.o
                0x0000000008005334                tflite::GreedyMemoryPlanner::~GreedyMemoryPlanner()
                0x0000000008005334                tflite::GreedyMemoryPlanner::~GreedyMemoryPlanner()
 .text._ZN6tflite19GreedyMemoryPlanner14GetBufferCountEv
                0x0000000008005336        0x4 ./tensorflow_lite/tensorflow/lite/micro/memory_planner/greedy_memory_planner.o
                0x0000000008005336                tflite::GreedyMemoryPlanner::GetBufferCount()
 .text._ZN6tflite19GreedyMemoryPlannerD0Ev
                0x000000000800533a        0xe ./tensorflow_lite/tensorflow/lite/micro/memory_planner/greedy_memory_planner.o
                0x000000000800533a                tflite::GreedyMemoryPlanner::~GreedyMemoryPlanner()
 .text._ZN6tflite19GreedyMemoryPlanner9AddBufferEPNS_13ErrorReporterEiii
                0x0000000008005348       0x44 ./tensorflow_lite/tensorflow/lite/micro/memory_planner/greedy_memory_planner.o
                0x0000000008005348                tflite::GreedyMemoryPlanner::AddBuffer(tflite::ErrorReporter*, int, int, int)
 .text._ZN6tflite18ReverseSortInPlaceEPiS0_i
                0x000000000800538c       0x3a ./tensorflow_lite/tensorflow/lite/micro/memory_planner/greedy_memory_planner.o
                0x000000000800538c                tflite::ReverseSortInPlace(int*, int*, int)
 *fill*         0x00000000080053c6        0x2 
 .text._ZN6tflite19GreedyMemoryPlannerC2EPhi
                0x00000000080053c8       0x3c ./tensorflow_lite/tensorflow/lite/micro/memory_planner/greedy_memory_planner.o
                0x00000000080053c8                tflite::GreedyMemoryPlanner::GreedyMemoryPlanner(unsigned char*, int)
                0x00000000080053c8                tflite::GreedyMemoryPlanner::GreedyMemoryPlanner(unsigned char*, int)
 .text._ZN6tflite19GreedyMemoryPlanner9AddBufferEPNS_13ErrorReporterEiiii
                0x0000000008005404       0x22 ./tensorflow_lite/tensorflow/lite/micro/memory_planner/greedy_memory_planner.o
                0x0000000008005404                tflite::GreedyMemoryPlanner::AddBuffer(tflite::ErrorReporter*, int, int, int, int)
 .text._ZNK6tflite19GreedyMemoryPlanner22DoesEntryOverlapInTimeEPKNS0_9ListEntryEii
                0x0000000008005426       0x20 ./tensorflow_lite/tensorflow/lite/micro/memory_planner/greedy_memory_planner.o
                0x0000000008005426                tflite::GreedyMemoryPlanner::DoesEntryOverlapInTime(tflite::GreedyMemoryPlanner::ListEntry const*, int, int) const
 .text._ZN6tflite19GreedyMemoryPlanner30NextSimultaneouslyActiveBufferEPKNS0_9ListEntryEii
                0x0000000008005446       0x3a ./tensorflow_lite/tensorflow/lite/micro/memory_planner/greedy_memory_planner.o
                0x0000000008005446                tflite::GreedyMemoryPlanner::NextSimultaneouslyActiveBuffer(tflite::GreedyMemoryPlanner::ListEntry const*, int, int)
 .text._ZN6tflite19GreedyMemoryPlanner24CalculateOffsetsIfNeededEv
                0x0000000008005480      0x174 ./tensorflow_lite/tensorflow/lite/micro/memory_planner/greedy_memory_planner.o
                0x0000000008005480                tflite::GreedyMemoryPlanner::CalculateOffsetsIfNeeded()
 .text._ZN6tflite19GreedyMemoryPlanner20GetMaximumMemorySizeEv
                0x00000000080055f4       0x3a ./tensorflow_lite/tensorflow/lite/micro/memory_planner/greedy_memory_planner.o
                0x00000000080055f4                tflite::GreedyMemoryPlanner::GetMaximumMemorySize()
 *fill*         0x000000000800562e        0x2 
 .text._ZN6tflite19GreedyMemoryPlanner18GetOffsetForBufferEPNS_13ErrorReporterEiPi
                0x0000000008005630       0x38 ./tensorflow_lite/tensorflow/lite/micro/memory_planner/greedy_memory_planner.o
                0x0000000008005630                tflite::GreedyMemoryPlanner::GetOffsetForBuffer(tflite::ErrorReporter*, int, int*)
 .text._ZdlPv   0x0000000008005668        0x4 c:/st/stm32cubeide_1.7.0/stm32cubeide/plugins/com.st.stm32cube.ide.mcu.externaltools.gnu-tools-for-stm32.9-2020-q2-update.win32_2.0.0.202105311346/tools/bin/../lib/gcc/arm-none-eabi/9.3.1/../../../../arm-none-eabi/lib/thumb/v7e-m+fp/hard\libstdc++_nano.a(del_op.o)
                0x0000000008005668                operator delete(void*)
 .text._ZdlPvj  0x000000000800566c        0x4 c:/st/stm32cubeide_1.7.0/stm32cubeide/plugins/com.st.stm32cube.ide.mcu.externaltools.gnu-tools-for-stm32.9-2020-q2-update.win32_2.0.0.202105311346/tools/bin/../lib/gcc/arm-none-eabi/9.3.1/../../../../arm-none-eabi/lib/thumb/v7e-m+fp/hard\libstdc++_nano.a(del_ops.o)
                0x000000000800566c                operator delete(void*, unsigned int)
 .text._ZdaPv   0x0000000008005670        0x4 c:/st/stm32cubeide_1.7.0/stm32cubeide/plugins/com.st.stm32cube.ide.mcu.externaltools.gnu-tools-for-stm32.9-2020-q2-update.win32_2.0.0.202105311346/tools/bin/../lib/gcc/arm-none-eabi/9.3.1/../../../../arm-none-eabi/lib/thumb/v7e-m+fp/hard\libstdc++_nano.a(del_opv.o)
                0x0000000008005670                operator delete[](void*)
 .text.__cxa_guard_acquire
                0x0000000008005674       0x18 c:/st/stm32cubeide_1.7.0/stm32cubeide/plugins/com.st.stm32cube.ide.mcu.externaltools.gnu-tools-for-stm32.9-2020-q2-update.win32_2.0.0.202105311346/tools/bin/../lib/gcc/arm-none-eabi/9.3.1/../../../../arm-none-eabi/lib/thumb/v7e-m+fp/hard\libstdc++_nano.a(guard.o)
                0x0000000008005674                __cxa_guard_acquire
 .text.__cxa_guard_release
                0x000000000800568c        0x6 c:/st/stm32cubeide_1.7.0/stm32cubeide/plugins/com.st.stm32cube.ide.mcu.externaltools.gnu-tools-for-stm32.9-2020-q2-update.win32_2.0.0.202105311346/tools/bin/../lib/gcc/arm-none-eabi/9.3.1/../../../../arm-none-eabi/lib/thumb/v7e-m+fp/hard\libstdc++_nano.a(guard.o)
                0x000000000800568c                __cxa_guard_release
 .text._Znwj    0x0000000008005692       0x22 c:/st/stm32cubeide_1.7.0/stm32cubeide/plugins/com.st.stm32cube.ide.mcu.externaltools.gnu-tools-for-stm32.9-2020-q2-update.win32_2.0.0.202105311346/tools/bin/../lib/gcc/arm-none-eabi/9.3.1/../../../../arm-none-eabi/lib/thumb/v7e-m+fp/hard\libstdc++_nano.a(new_op.o)
                0x0000000008005692                operator new(unsigned int)
 .text._Znaj    0x00000000080056b4        0x4 c:/st/stm32cubeide_1.7.0/stm32cubeide/plugins/com.st.stm32cube.ide.mcu.externaltools.gnu-tools-for-stm32.9-2020-q2-update.win32_2.0.0.202105311346/tools/bin/../lib/gcc/arm-none-eabi/9.3.1/../../../../arm-none-eabi/lib/thumb/v7e-m+fp/hard\libstdc++_nano.a(new_opv.o)
                0x00000000080056b4                operator new[](unsigned int)
 .text._ZSt15get_new_handlerv
                0x00000000080056b8       0x10 c:/st/stm32cubeide_1.7.0/stm32cubeide/plugins/com.st.stm32cube.ide.mcu.externaltools.gnu-tools-for-stm32.9-2020-q2-update.win32_2.0.0.202105311346/tools/bin/../lib/gcc/arm-none-eabi/9.3.1/../../../../arm-none-eabi/lib/thumb/v7e-m+fp/hard\libstdc++_nano.a(new_handler.o)
                0x00000000080056b8                std::get_new_handler()
 .text.frexp    0x00000000080056c8       0x70 c:/st/stm32cubeide_1.7.0/stm32cubeide/plugins/com.st.stm32cube.ide.mcu.externaltools.gnu-tools-for-stm32.9-2020-q2-update.win32_2.0.0.202105311346/tools/bin/../lib/gcc/arm-none-eabi/9.3.1/../../../../arm-none-eabi/lib/thumb/v7e-m+fp/hard\libm.a(lib_a-s_frexp.o)
                0x00000000080056c8                frexp
 .text.round    0x0000000008005738       0x8c c:/st/stm32cubeide_1.7.0/stm32cubeide/plugins/com.st.stm32cube.ide.mcu.externaltools.gnu-tools-for-stm32.9-2020-q2-update.win32_2.0.0.202105311346/tools/bin/../lib/gcc/arm-none-eabi/9.3.1/../../../../arm-none-eabi/lib/thumb/v7e-m+fp/hard\libm.a(lib_a-s_round.o)
                0x0000000008005738                round
 .text.roundf   0x00000000080057c4       0x4c c:/st/stm32cubeide_1.7.0/stm32cubeide/plugins/com.st.stm32cube.ide.mcu.externaltools.gnu-tools-for-stm32.9-2020-q2-update.win32_2.0.0.202105311346/tools/bin/../lib/gcc/arm-none-eabi/9.3.1/../../../../arm-none-eabi/lib/thumb/v7e-m+fp/hard\libm.a(lib_a-sf_round.o)
                0x00000000080057c4                roundf
 .text.abort    0x0000000008005810        0xe c:/st/stm32cubeide_1.7.0/stm32cubeide/plugins/com.st.stm32cube.ide.mcu.externaltools.gnu-tools-for-stm32.9-2020-q2-update.win32_2.0.0.202105311346/tools/bin/../lib/gcc/arm-none-eabi/9.3.1/../../../../arm-none-eabi/lib/thumb/v7e-m+fp/hard\libc_nano.a(lib_a-abort.o)
                0x0000000008005810                abort
 *fill*         0x000000000800581e        0x2 
 .text.__assert_func
                0x0000000008005820       0x3c c:/st/stm32cubeide_1.7.0/stm32cubeide/plugins/com.st.stm32cube.ide.mcu.externaltools.gnu-tools-for-stm32.9-2020-q2-update.win32_2.0.0.202105311346/tools/bin/../lib/gcc/arm-none-eabi/9.3.1/../../../../arm-none-eabi/lib/thumb/v7e-m+fp/hard\libc_nano.a(lib_a-assert.o)
                0x0000000008005820                __assert_func
 .text.atexit   0x000000000800585c        0xc c:/st/stm32cubeide_1.7.0/stm32cubeide/plugins/com.st.stm32cube.ide.mcu.externaltools.gnu-tools-for-stm32.9-2020-q2-update.win32_2.0.0.202105311346/tools/bin/../lib/gcc/arm-none-eabi/9.3.1/../../../../arm-none-eabi/lib/thumb/v7e-m+fp/hard\libc_nano.a(lib_a-atexit.o)
                0x000000000800585c                atexit
 .text.__errno  0x0000000008005868        0xc c:/st/stm32cubeide_1.7.0/stm32cubeide/plugins/com.st.stm32cube.ide.mcu.externaltools.gnu-tools-for-stm32.9-2020-q2-update.win32_2.0.0.202105311346/tools/bin/../lib/gcc/arm-none-eabi/9.3.1/../../../../arm-none-eabi/lib/thumb/v7e-m+fp/hard\libc_nano.a(lib_a-errno.o)
                0x0000000008005868                __errno
 .text.fprintf  0x0000000008005874       0x24 c:/st/stm32cubeide_1.7.0/stm32cubeide/plugins/com.st.stm32cube.ide.mcu.externaltools.gnu-tools-for-stm32.9-2020-q2-update.win32_2.0.0.202105311346/tools/bin/../lib/gcc/arm-none-eabi/9.3.1/../../../../arm-none-eabi/lib/thumb/v7e-m+fp/hard\libc_nano.a(lib_a-fprintf.o)
                0x0000000008005874                fiprintf
                0x0000000008005874                fprintf
 .text.__libc_init_array
                0x0000000008005898       0x48 c:/st/stm32cubeide_1.7.0/stm32cubeide/plugins/com.st.stm32cube.ide.mcu.externaltools.gnu-tools-for-stm32.9-2020-q2-update.win32_2.0.0.202105311346/tools/bin/../lib/gcc/arm-none-eabi/9.3.1/../../../../arm-none-eabi/lib/thumb/v7e-m+fp/hard\libc_nano.a(lib_a-init.o)
                0x0000000008005898                __libc_init_array
 .text.__retarget_lock_init_recursive
                0x00000000080058e0        0x2 c:/st/stm32cubeide_1.7.0/stm32cubeide/plugins/com.st.stm32cube.ide.mcu.externaltools.gnu-tools-for-stm32.9-2020-q2-update.win32_2.0.0.202105311346/tools/bin/../lib/gcc/arm-none-eabi/9.3.1/../../../../arm-none-eabi/lib/thumb/v7e-m+fp/hard\libc_nano.a(lib_a-lock.o)
                0x00000000080058e0                __retarget_lock_init_recursive
 .text.__retarget_lock_acquire_recursive
                0x00000000080058e2        0x2 c:/st/stm32cubeide_1.7.0/stm32cubeide/plugins/com.st.stm32cube.ide.mcu.externaltools.gnu-tools-for-stm32.9-2020-q2-update.win32_2.0.0.202105311346/tools/bin/../lib/gcc/arm-none-eabi/9.3.1/../../../../arm-none-eabi/lib/thumb/v7e-m+fp/hard\libc_nano.a(lib_a-lock.o)
                0x00000000080058e2                __retarget_lock_acquire_recursive
 .text.__retarget_lock_release
                0x00000000080058e4        0x2 c:/st/stm32cubeide_1.7.0/stm32cubeide/plugins/com.st.stm32cube.ide.mcu.externaltools.gnu-tools-for-stm32.9-2020-q2-update.win32_2.0.0.202105311346/tools/bin/../lib/gcc/arm-none-eabi/9.3.1/../../../../arm-none-eabi/lib/thumb/v7e-m+fp/hard\libc_nano.a(lib_a-lock.o)
                0x00000000080058e4                __retarget_lock_release
 .text.__retarget_lock_release_recursive
                0x00000000080058e6        0x2 c:/st/stm32cubeide_1.7.0/stm32cubeide/plugins/com.st.stm32cube.ide.mcu.externaltools.gnu-tools-for-stm32.9-2020-q2-update.win32_2.0.0.202105311346/tools/bin/../lib/gcc/arm-none-eabi/9.3.1/../../../../arm-none-eabi/lib/thumb/v7e-m+fp/hard\libc_nano.a(lib_a-lock.o)
                0x00000000080058e6                __retarget_lock_release_recursive
 .text.malloc   0x00000000080058e8       0x10 c:/st/stm32cubeide_1.7.0/stm32cubeide/plugins/com.st.stm32cube.ide.mcu.externaltools.gnu-tools-for-stm32.9-2020-q2-update.win32_2.0.0.202105311346/tools/bin/../lib/gcc/arm-none-eabi/9.3.1/../../../../arm-none-eabi/lib/thumb/v7e-m+fp/hard\libc_nano.a(lib_a-malloc.o)
                0x00000000080058e8                malloc
 .text.free     0x00000000080058f8       0x10 c:/st/stm32cubeide_1.7.0/stm32cubeide/plugins/com.st.stm32cube.ide.mcu.externaltools.gnu-tools-for-stm32.9-2020-q2-update.win32_2.0.0.202105311346/tools/bin/../lib/gcc/arm-none-eabi/9.3.1/../../../../arm-none-eabi/lib/thumb/v7e-m+fp/hard\libc_nano.a(lib_a-malloc.o)
                0x00000000080058f8                free
 .text.memcpy   0x0000000008005908       0x1c c:/st/stm32cubeide_1.7.0/stm32cubeide/plugins/com.st.stm32cube.ide.mcu.externaltools.gnu-tools-for-stm32.9-2020-q2-update.win32_2.0.0.202105311346/tools/bin/../lib/gcc/arm-none-eabi/9.3.1/../../../../arm-none-eabi/lib/thumb/v7e-m+fp/hard\libc_nano.a(lib_a-memcpy-stub.o)
                0x0000000008005908                memcpy
 .text.memmove  0x0000000008005924       0x34 c:/st/stm32cubeide_1.7.0/stm32cubeide/plugins/com.st.stm32cube.ide.mcu.externaltools.gnu-tools-for-stm32.9-2020-q2-update.win32_2.0.0.202105311346/tools/bin/../lib/gcc/arm-none-eabi/9.3.1/../../../../arm-none-eabi/lib/thumb/v7e-m+fp/hard\libc_nano.a(lib_a-memmove.o)
                0x0000000008005924                memmove
 .text.memset   0x0000000008005958       0x10 c:/st/stm32cubeide_1.7.0/stm32cubeide/plugins/com.st.stm32cube.ide.mcu.externaltools.gnu-tools-for-stm32.9-2020-q2-update.win32_2.0.0.202105311346/tools/bin/../lib/gcc/arm-none-eabi/9.3.1/../../../../arm-none-eabi/lib/thumb/v7e-m+fp/hard\libc_nano.a(lib_a-memset.o)
                0x0000000008005958                memset
 .text._free_r  0x0000000008005968       0xa0 c:/st/stm32cubeide_1.7.0/stm32cubeide/plugins/com.st.stm32cube.ide.mcu.externaltools.gnu-tools-for-stm32.9-2020-q2-update.win32_2.0.0.202105311346/tools/bin/../lib/gcc/arm-none-eabi/9.3.1/../../../../arm-none-eabi/lib/thumb/v7e-m+fp/hard\libc_nano.a(lib_a-nano-freer.o)
                0x0000000008005968                _free_r
 .text._malloc_r
                0x0000000008005a08       0xb4 c:/st/stm32cubeide_1.7.0/stm32cubeide/plugins/com.st.stm32cube.ide.mcu.externaltools.gnu-tools-for-stm32.9-2020-q2-update.win32_2.0.0.202105311346/tools/bin/../lib/gcc/arm-none-eabi/9.3.1/../../../../arm-none-eabi/lib/thumb/v7e-m+fp/hard\libc_nano.a(lib_a-nano-mallocr.o)
                0x0000000008005a08                _malloc_r
 .text.__sfputc_r
                0x0000000008005abc       0x2e c:/st/stm32cubeide_1.7.0/stm32cubeide/plugins/com.st.stm32cube.ide.mcu.externaltools.gnu-tools-for-stm32.9-2020-q2-update.win32_2.0.0.202105311346/tools/bin/../lib/gcc/arm-none-eabi/9.3.1/../../../../arm-none-eabi/lib/thumb/v7e-m+fp/hard\libc_nano.a(lib_a-nano-vfprintf.o)
 .text.__sfputs_r
                0x0000000008005aea       0x24 c:/st/stm32cubeide_1.7.0/stm32cubeide/plugins/com.st.stm32cube.ide.mcu.externaltools.gnu-tools-for-stm32.9-2020-q2-update.win32_2.0.0.202105311346/tools/bin/../lib/gcc/arm-none-eabi/9.3.1/../../../../arm-none-eabi/lib/thumb/v7e-m+fp/hard\libc_nano.a(lib_a-nano-vfprintf.o)
                0x0000000008005aea                __sfputs_r
 *fill*         0x0000000008005b0e        0x2 
 .text._vfprintf_r
                0x0000000008005b10      0x260 c:/st/stm32cubeide_1.7.0/stm32cubeide/plugins/com.st.stm32cube.ide.mcu.externaltools.gnu-tools-for-stm32.9-2020-q2-update.win32_2.0.0.202105311346/tools/bin/../lib/gcc/arm-none-eabi/9.3.1/../../../../arm-none-eabi/lib/thumb/v7e-m+fp/hard\libc_nano.a(lib_a-nano-vfprintf.o)
                0x0000000008005b10                _vfprintf_r
                0x0000000008005b10                _vfiprintf_r
 .text.__cvt    0x0000000008005d70       0xc4 c:/st/stm32cubeide_1.7.0/stm32cubeide/plugins/com.st.stm32cube.ide.mcu.externaltools.gnu-tools-for-stm32.9-2020-q2-update.win32_2.0.0.202105311346/tools/bin/../lib/gcc/arm-none-eabi/9.3.1/../../../../arm-none-eabi/lib/thumb/v7e-m+fp/hard\libc_nano.a(lib_a-nano-vfprintf_float.o)
                0x0000000008005d70                __cvt
 .text.__exponent
                0x0000000008005e34       0x7c c:/st/stm32cubeide_1.7.0/stm32cubeide/plugins/com.st.stm32cube.ide.mcu.externaltools.gnu-tools-for-stm32.9-2020-q2-update.win32_2.0.0.202105311346/tools/bin/../lib/gcc/arm-none-eabi/9.3.1/../../../../arm-none-eabi/lib/thumb/v7e-m+fp/hard\libc_nano.a(lib_a-nano-vfprintf_float.o)
                0x0000000008005e34                __exponent
 .text._printf_float
                0x0000000008005eb0      0x46c c:/st/stm32cubeide_1.7.0/stm32cubeide/plugins/com.st.stm32cube.ide.mcu.externaltools.gnu-tools-for-stm32.9-2020-q2-update.win32_2.0.0.202105311346/tools/bin/../lib/gcc/arm-none-eabi/9.3.1/../../../../arm-none-eabi/lib/thumb/v7e-m+fp/hard\libc_nano.a(lib_a-nano-vfprintf_float.o)
                0x0000000008005eb0                _printf_float
 .text._printf_common
                0x000000000800631c       0xda c:/st/stm32cubeide_1.7.0/stm32cubeide/plugins/com.st.stm32cube.ide.mcu.externaltools.gnu-tools-for-stm32.9-2020-q2-update.win32_2.0.0.202105311346/tools/bin/../lib/gcc/arm-none-eabi/9.3.1/../../../../arm-none-eabi/lib/thumb/v7e-m+fp/hard\libc_nano.a(lib_a-nano-vfprintf_i.o)
                0x000000000800631c                _printf_common
 *fill*         0x00000000080063f6        0x2 
 .text._printf_i
                0x00000000080063f8      0x24c c:/st/stm32cubeide_1.7.0/stm32cubeide/plugins/com.st.stm32cube.ide.mcu.externaltools.gnu-tools-for-stm32.9-2020-q2-update.win32_2.0.0.202105311346/tools/bin/../lib/gcc/arm-none-eabi/9.3.1/../../../../arm-none-eabi/lib/thumb/v7e-m+fp/hard\libc_nano.a(lib_a-nano-vfprintf_i.o)
                0x00000000080063f8                _printf_i
 .text._sbrk_r  0x0000000008006644       0x20 c:/st/stm32cubeide_1.7.0/stm32cubeide/plugins/com.st.stm32cube.ide.mcu.externaltools.gnu-tools-for-stm32.9-2020-q2-update.win32_2.0.0.202105311346/tools/bin/../lib/gcc/arm-none-eabi/9.3.1/../../../../arm-none-eabi/lib/thumb/v7e-m+fp/hard\libc_nano.a(lib_a-sbrkr.o)
                0x0000000008006644                _sbrk_r
 .text._raise_r
                0x0000000008006664       0x50 c:/st/stm32cubeide_1.7.0/stm32cubeide/plugins/com.st.stm32cube.ide.mcu.externaltools.gnu-tools-for-stm32.9-2020-q2-update.win32_2.0.0.202105311346/tools/bin/../lib/gcc/arm-none-eabi/9.3.1/../../../../arm-none-eabi/lib/thumb/v7e-m+fp/hard\libc_nano.a(lib_a-signal.o)
                0x0000000008006664                _raise_r
 .text.raise    0x00000000080066b4       0x10 c:/st/stm32cubeide_1.7.0/stm32cubeide/plugins/com.st.stm32cube.ide.mcu.externaltools.gnu-tools-for-stm32.9-2020-q2-update.win32_2.0.0.202105311346/tools/bin/../lib/gcc/arm-none-eabi/9.3.1/../../../../arm-none-eabi/lib/thumb/v7e-m+fp/hard\libc_nano.a(lib_a-signal.o)
                0x00000000080066b4                raise
 .text._kill_r  0x00000000080066c4       0x24 c:/st/stm32cubeide_1.7.0/stm32cubeide/plugins/com.st.stm32cube.ide.mcu.externaltools.gnu-tools-for-stm32.9-2020-q2-update.win32_2.0.0.202105311346/tools/bin/../lib/gcc/arm-none-eabi/9.3.1/../../../../arm-none-eabi/lib/thumb/v7e-m+fp/hard\libc_nano.a(lib_a-signalr.o)
                0x00000000080066c4                _kill_r
 .text._getpid_r
                0x00000000080066e8        0x4 c:/st/stm32cubeide_1.7.0/stm32cubeide/plugins/com.st.stm32cube.ide.mcu.externaltools.gnu-tools-for-stm32.9-2020-q2-update.win32_2.0.0.202105311346/tools/bin/../lib/gcc/arm-none-eabi/9.3.1/../../../../arm-none-eabi/lib/thumb/v7e-m+fp/hard\libc_nano.a(lib_a-signalr.o)
                0x00000000080066e8                _getpid_r
 .text.sprintf  0x00000000080066ec       0x40 c:/st/stm32cubeide_1.7.0/stm32cubeide/plugins/com.st.stm32cube.ide.mcu.externaltools.gnu-tools-for-stm32.9-2020-q2-update.win32_2.0.0.202105311346/tools/bin/../lib/gcc/arm-none-eabi/9.3.1/../../../../arm-none-eabi/lib/thumb/v7e-m+fp/hard\libc_nano.a(lib_a-sprintf.o)
                0x00000000080066ec                siprintf
                0x00000000080066ec                sprintf
 .text.strncmp  0x000000000800672c       0x24 c:/st/stm32cubeide_1.7.0/stm32cubeide/plugins/com.st.stm32cube.ide.mcu.externaltools.gnu-tools-for-stm32.9-2020-q2-update.win32_2.0.0.202105311346/tools/bin/../lib/gcc/arm-none-eabi/9.3.1/../../../../arm-none-eabi/lib/thumb/v7e-m+fp/hard\libc_nano.a(lib_a-strncmp.o)
                0x000000000800672c                strncmp
 .text.__swbuf_r
                0x0000000008006750       0xa4 c:/st/stm32cubeide_1.7.0/stm32cubeide/plugins/com.st.stm32cube.ide.mcu.externaltools.gnu-tools-for-stm32.9-2020-q2-update.win32_2.0.0.202105311346/tools/bin/../lib/gcc/arm-none-eabi/9.3.1/../../../../arm-none-eabi/lib/thumb/v7e-m+fp/hard\libc_nano.a(lib_a-wbuf.o)
                0x0000000008006750                __swbuf_r
 .text.__swsetup_r
                0x00000000080067f4       0xdc c:/st/stm32cubeide_1.7.0/stm32cubeide/plugins/com.st.stm32cube.ide.mcu.externaltools.gnu-tools-for-stm32.9-2020-q2-update.win32_2.0.0.202105311346/tools/bin/../lib/gcc/arm-none-eabi/9.3.1/../../../../arm-none-eabi/lib/thumb/v7e-m+fp/hard\libc_nano.a(lib_a-wsetup.o)
                0x00000000080067f4                __swsetup_r
 .text.__register_exitproc
                0x00000000080068d0       0xc4 c:/st/stm32cubeide_1.7.0/stm32cubeide/plugins/com.st.stm32cube.ide.mcu.externaltools.gnu-tools-for-stm32.9-2020-q2-update.win32_2.0.0.202105311346/tools/bin/../lib/gcc/arm-none-eabi/9.3.1/../../../../arm-none-eabi/lib/thumb/v7e-m+fp/hard\libc_nano.a(lib_a-__atexit.o)
                0x00000000080068d0                __register_exitproc
 .text.quorem   0x0000000008006994      0x116 c:/st/stm32cubeide_1.7.0/stm32cubeide/plugins/com.st.stm32cube.ide.mcu.externaltools.gnu-tools-for-stm32.9-2020-q2-update.win32_2.0.0.202105311346/tools/bin/../lib/gcc/arm-none-eabi/9.3.1/../../../../arm-none-eabi/lib/thumb/v7e-m+fp/hard\libc_nano.a(lib_a-dtoa.o)
 *fill*         0x0000000008006aaa        0x6 
 .text._dtoa_r  0x0000000008006ab0      0xbd8 c:/st/stm32cubeide_1.7.0/stm32cubeide/plugins/com.st.stm32cube.ide.mcu.externaltools.gnu-tools-for-stm32.9-2020-q2-update.win32_2.0.0.202105311346/tools/bin/../lib/gcc/arm-none-eabi/9.3.1/../../../../arm-none-eabi/lib/thumb/v7e-m+fp/hard\libc_nano.a(lib_a-dtoa.o)
                0x0000000008006ab0                _dtoa_r