activations.cc:132:7:void* tflite::ops::micro::activations::ReluInit(TfLiteContext*, const char*, size_t)	8	static
activations.cc:193:7:void* tflite::ops::micro::activations::Relu6Init(TfLiteContext*, const char*, size_t)	8	static
activations.cc:198:14:TfLiteStatus tflite::ops::micro::activations::Relu6Prepare(TfLiteContext*, TfLiteNode*)	16	static
types.h:184:3:tflite::RuntimeShape::~RuntimeShape()	8	static
types.h:195:18:int32_t tflite::RuntimeShape::Dims(int) const	8	static
types.h:487:12:int tflite::MatchingFlatSize(const tflite::RuntimeShape&, const tflite::RuntimeShape&)	24	static
activations.cc:217:14:TfLiteStatus tflite::ops::micro::activations::Relu6Eval(TfLiteContext*, TfLiteNode*)	72	static
common.h:156:16:int32_t tflite::MultiplyByQuantizedMultiplier(int32_t, int32_t, int)	16	static
activations.cc:153:14:TfLiteStatus tflite::ops::micro::activations::ReluEval(TfLiteContext*, TfLiteNode*)	72	static
tensor_ctypes.h:34:21:tflite::RuntimeShape tflite::GetTensorShape(const TfLiteTensor*)	16	static
activations.cc:137:14:TfLiteStatus tflite::ops::micro::activations::ReluPrepare(TfLiteContext*, TfLiteNode*)	80	static
activations.cc:261:20:TfLiteRegistration tflite::ops::micro::Register_RELU()	16	static
activations.cc:272:20:TfLiteRegistration tflite::ops::micro::Register_RELU6()	16	static
