add.cc:176:7:void* tflite::ops::micro::add::Init(TfLiteContext*, const char*, size_t)	8	static
types.h:184:3:tflite::RuntimeShape::~RuntimeShape()	8	static
types.h:195:18:int32_t tflite::RuntimeShape::Dims(int) const	8	static
types.h:200:15:void tflite::RuntimeShape::SetDim(int, int32_t)	8	static
types.h:219:15:void tflite::RuntimeShape::Resize(int)	16	static
types.h:271:14:int tflite::RuntimeShape::FlatSize() const	8	static
types.h:286:3:tflite::RuntimeShape::RuntimeShape(int, const tflite::RuntimeShape&, int)	24	static
types.h:385:12:int tflite::Offset(const tflite::RuntimeShape&, int, int, int, int)	16	static
types.h:474:12:int tflite::MatchingElementsSize(const tflite::RuntimeShape&, const tflite::RuntimeShape&, const tflite::RuntimeShape&)	16	static
common.h:141:16:int32_t tflite::MultiplyByQuantizedMultiplierSmallerThanOneExp(int32_t, int32_t, int)	16	static
common.h:651:12:int tflite::SubscriptToIndex(const tflite::NdArrayDesc<4>&, int, int, int, int)	16	static
add.h:119:13:void tflite::reference_ops::Add(const tflite::ArithmeticParams&, const tflite::RuntimeShape&, const uint8_t*, const tflite::RuntimeShape&, const uint8_t*, const tflite::RuntimeShape&, uint8_t*)	40	static
add.h:26:13:void tflite::reference_integer_ops::CheckArithmeticParams(const tflite::ArithmeticParams&)	8	static
process_broadcast_shapes.h:38:13:bool tflite::reference_ops::ProcessBroadcastShapes(const tflite::RuntimeShape&, const tflite::RuntimeShape&, tflite::ArithmeticParams*)	96	static
add.cc:63:14:TfLiteStatus tflite::ops::micro::add::CalculateOpData(TfLiteContext*, TfLiteAddParams*, const TfLiteTensor*, const TfLiteTensor*, TfLiteTensor*, tflite::ops::micro::add::OpData*)	64	static
add.cc:181:14:TfLiteStatus tflite::ops::micro::add::Prepare(TfLiteContext*, TfLiteNode*)	32	static
add.cc:227:20:TfLiteRegistration tflite::ops::micro::Register_ADD()	16	static
common.h:726:13:void tflite::CopyDimsToDesc(const tflite::RuntimeShape&, tflite::NdArrayDesc<N>*) [with int N = 4]	24	static
common.h:737:13:void tflite::NdArrayDescsForElementwiseBroadcast(const tflite::RuntimeShape&, const tflite::RuntimeShape&, tflite::NdArrayDesc<N>*, tflite::NdArrayDesc<N>*) [with int N = 4]	80	static
add.h:180:13:void tflite::reference_ops::BroadcastAdd4DSlow(const tflite::ArithmeticParams&, const tflite::RuntimeShape&, const float*, const tflite::RuntimeShape&, const float*, const tflite::RuntimeShape&, float*)	160	static
add.cc:107:6:void tflite::ops::micro::add::EvalAdd(TfLiteContext*, TfLiteNode*, TfLiteAddParams*, const tflite::ops::micro::add::OpData*, const TfLiteEvalTensor*, const TfLiteEvalTensor*, TfLiteEvalTensor*)	264	static
add.h:79:13:void tflite::reference_integer_ops::BroadcastAdd4DSlow(const tflite::ArithmeticParams&, const tflite::RuntimeShape&, const int8_t*, const tflite::RuntimeShape&, const int8_t*, const tflite::RuntimeShape&, int8_t*)	144	static
add.h:261:13:void tflite::reference_ops::BroadcastAdd4DSlow(const tflite::ArithmeticParams&, const tflite::RuntimeShape&, const uint8_t*, const tflite::RuntimeShape&, const uint8_t*, const tflite::RuntimeShape&, uint8_t*)	144	static
add.cc:128:14:TfLiteStatus tflite::ops::micro::add::EvalAddQuantized(TfLiteContext*, TfLiteNode*, TfLiteAddParams*, const tflite::ops::micro::add::OpData*, const TfLiteEvalTensor*, const TfLiteEvalTensor*, TfLiteEvalTensor*)	352	static
add.cc:128:14:TfLiteStatus tflite::ops::micro::add::EvalAddQuantized(TfLiteContext*, TfLiteNode*, TfLiteAddParams*, const tflite::ops::micro::add::OpData*, const TfLiteEvalTensor*, const TfLiteEvalTensor*, TfLiteEvalTensor*)	8	static
add.cc:198:14:TfLiteStatus tflite::ops::micro::add::Eval(TfLiteContext*, TfLiteNode*)	56	static
