kernel_util.cc:224:19:tflite::{anonymous}::CalculateActivationRangeQuantizedImpl(TfLiteFusedActivation, int32_t, int32_t, TfLiteTensor*, int32_t*, int32_t*)::<lambda(float)>	8	static
kernel_util.cc:31:21:const TfLiteTensor* tflite::GetInput(const TfLiteContext*, const TfLiteNode*, int)	4	static
kernel_util.cc:40:15:TfLiteTensor* tflite::GetVariableInput(TfLiteContext*, const TfLiteNode*, int)	8	static
kernel_util.cc:51:15:TfLiteTensor* tflite::GetOutput(TfLiteContext*, const TfLiteNode*, int)	4	static
kernel_util.cc:60:21:const TfLiteTensor* tflite::GetOptionalInputTensor(const TfLiteContext*, const TfLiteNode*, int)	4	static
kernel_util.cc:203:14:TfLiteStatus tflite::GetQuantizedConvolutionMultipler(TfLiteContext*, const TfLiteTensor*, const TfLiteTensor*, TfLiteTensor*, double*)	24	static
kernel_util.cc:165:14:TfLiteStatus tflite::GetQuantizedConvolutionMultipler(TfLiteContext*, const TfLiteTensor*, const TfLiteTensor*, const TfLiteTensor*, TfLiteTensor*, double*)	48	static
kernel_util.cc:244:14:TfLiteStatus tflite::CalculateActivationRangeQuantized(TfLiteContext*, TfLiteFusedActivation, TfLiteTensor*, int32_t*, int32_t*)	40	static
kernel_util.cc:90:14:TfLiteStatus tflite::PopulateConvolutionQuantizationParams(TfLiteContext*, const TfLiteTensor*, const TfLiteTensor*, const TfLiteTensor*, TfLiteTensor*, const TfLiteFusedActivation&, int32_t*, int*, int32_t*, int32_t*, int32_t*, int*, int)	96	static
kernel_util.cc:75:14:TfLiteStatus tflite::PopulateConvolutionQuantizationParams(TfLiteContext*, const TfLiteTensor*, const TfLiteTensor*, const TfLiteTensor*, TfLiteTensor*, const TfLiteFusedActivation&, int32_t*, int*, int32_t*, int32_t*, int32_t*, int*)	48	static
kernel_util.cc:269:6:bool tflite::HaveSameShapes(const TfLiteTensor*, const TfLiteTensor*)	8	static
unique_ptr.h:286:7:std::unique_ptr<_Tp, _Dp>::~unique_ptr() [with _Tp = TfLiteIntArray; _Dp = void (*)(TfLiteIntArray*)]	8	static
kernel_util.cc:276:14:TfLiteStatus tflite::CalculateShapeForBroadcast(TfLiteContext*, const TfLiteTensor*, const TfLiteTensor*, TfLiteIntArray**)	64	static
kernel_util.cc:299:14:TfLiteStatus tflite::CalculateShapeForBroadcast(TfLiteContext*, const TfLiteTensor*, const TfLiteTensor*, const TfLiteTensor*, TfLiteIntArray**)	72	static
